Archive member included because of file (symbol)

C:\Users\lorenzo\AppData\Local\arduino15\packages\arduino\hardware\sam\1.6.9\variants\arduino_due_x/libsam_sam3x8e_gcc_rel.a(startup_sam3xa.o)
                              (Reset_Handler)
C:\Users\lorenzo\AppData\Local\arduino15\packages\arduino\hardware\sam\1.6.9\variants\arduino_due_x/libsam_sam3x8e_gcc_rel.a(uotghs.o)
                              C:\Users\lorenzo\AppData\Local\arduino15\packages\arduino\hardware\sam\1.6.9\variants\arduino_due_x/libsam_sam3x8e_gcc_rel.a(startup_sam3xa.o) (UOTGHS_Handler)
C:\Users\lorenzo\AppData\Local\Temp\VMicroBuilds\SensoreTemperatura\arduino_due_x_dbg/core.a(cortex_handlers.c.o)
                              C:\Users\lorenzo\AppData\Local\arduino15\packages\arduino\hardware\sam\1.6.9\variants\arduino_due_x/libsam_sam3x8e_gcc_rel.a(startup_sam3xa.o) (NMI_Handler)
C:\Users\lorenzo\AppData\Local\Temp\VMicroBuilds\SensoreTemperatura\arduino_due_x_dbg/core.a(syscalls_sam3.c.o)
                              (_sbrk)
C:\Users\lorenzo\AppData\Local\Temp\VMicroBuilds\SensoreTemperatura\arduino_due_x_dbg/core.a(wiring.c.o)
                              C:\Users\lorenzo\AppData\Local\Temp\VMicroBuilds\SensoreTemperatura\arduino_due_x_dbg\SensoreTemperatura.cpp.o (micros)
C:\Users\lorenzo\AppData\Local\Temp\VMicroBuilds\SensoreTemperatura\arduino_due_x_dbg/core.a(wiring_analog.c.o)
                              C:\Users\lorenzo\AppData\Local\Temp\VMicroBuilds\SensoreTemperatura\arduino_due_x_dbg\SensoreTemperatura.cpp.o (analogReadResolution)
C:\Users\lorenzo\AppData\Local\Temp\VMicroBuilds\SensoreTemperatura\arduino_due_x_dbg/core.a(wiring_digital.c.o)
                              C:\Users\lorenzo\AppData\Local\Temp\VMicroBuilds\SensoreTemperatura\arduino_due_x_dbg\SensoreTemperatura.cpp.o (pinMode)
C:\Users\lorenzo\AppData\Local\Temp\VMicroBuilds\SensoreTemperatura\arduino_due_x_dbg/core.a(main.cpp.o)
                              c:/users/lorenzo/appdata/local/arduino15/packages/arduino/tools/arm-none-eabi-gcc/4.8.3-2014q1/bin/../lib/gcc/arm-none-eabi/4.8.3/../../../../arm-none-eabi/lib/armv7-m/crt0.o (main)
C:\Users\lorenzo\AppData\Local\Temp\VMicroBuilds\SensoreTemperatura\arduino_due_x_dbg/core.a(Print.cpp.o)
                              C:\Users\lorenzo\AppData\Local\Temp\VMicroBuilds\SensoreTemperatura\arduino_due_x_dbg\SensoreTemperatura.cpp.o (Print::print(String const&))
C:\Users\lorenzo\AppData\Local\Temp\VMicroBuilds\SensoreTemperatura\arduino_due_x_dbg/core.a(Reset.cpp.o)
                              C:\Users\lorenzo\AppData\Local\Temp\VMicroBuilds\SensoreTemperatura\arduino_due_x_dbg/core.a(cortex_handlers.c.o) (tickReset)
C:\Users\lorenzo\AppData\Local\Temp\VMicroBuilds\SensoreTemperatura\arduino_due_x_dbg/core.a(UARTClass.cpp.o)
                              C:\Users\lorenzo\AppData\Local\Temp\VMicroBuilds\SensoreTemperatura\arduino_due_x_dbg\SensoreTemperatura.cpp.o (UARTClass::available())
C:\Users\lorenzo\AppData\Local\Temp\VMicroBuilds\SensoreTemperatura\arduino_due_x_dbg/core.a(watchdog.cpp.o)
                              C:\Users\lorenzo\AppData\Local\Temp\VMicroBuilds\SensoreTemperatura\arduino_due_x_dbg/core.a(main.cpp.o) (watchdogSetup())
C:\Users\lorenzo\AppData\Local\Temp\VMicroBuilds\SensoreTemperatura\arduino_due_x_dbg/core.a(WString.cpp.o)
                              C:\Users\lorenzo\AppData\Local\Temp\VMicroBuilds\SensoreTemperatura\arduino_due_x_dbg\SensoreTemperatura.cpp.o (String::~String())
C:\Users\lorenzo\AppData\Local\Temp\VMicroBuilds\SensoreTemperatura\arduino_due_x_dbg/core.a(USBCore.cpp.o)
                              C:\Users\lorenzo\AppData\Local\Temp\VMicroBuilds\SensoreTemperatura\arduino_due_x_dbg/core.a(main.cpp.o) (USBDevice_::attach())
C:\Users\lorenzo\AppData\Local\Temp\VMicroBuilds\SensoreTemperatura\arduino_due_x_dbg/core.a(variant.cpp.o)
                              C:\Users\lorenzo\AppData\Local\Temp\VMicroBuilds\SensoreTemperatura\arduino_due_x_dbg/core.a(main.cpp.o) (init)
C:\Users\lorenzo\AppData\Local\Temp\VMicroBuilds\SensoreTemperatura\arduino_due_x_dbg/core.a(hooks.c.o)
                              C:\Users\lorenzo\AppData\Local\Temp\VMicroBuilds\SensoreTemperatura\arduino_due_x_dbg/core.a(wiring.c.o) (yield)
C:\Users\lorenzo\AppData\Local\Temp\VMicroBuilds\SensoreTemperatura\arduino_due_x_dbg/core.a(itoa.c.o)
                              C:\Users\lorenzo\AppData\Local\Temp\VMicroBuilds\SensoreTemperatura\arduino_due_x_dbg/core.a(WString.cpp.o) (ltoa)
C:\Users\lorenzo\AppData\Local\Temp\VMicroBuilds\SensoreTemperatura\arduino_due_x_dbg/core.a(dtostrf.c.o)
                              C:\Users\lorenzo\AppData\Local\Temp\VMicroBuilds\SensoreTemperatura\arduino_due_x_dbg/core.a(WString.cpp.o) (dtostrf)
C:\Users\lorenzo\AppData\Local\Temp\VMicroBuilds\SensoreTemperatura\arduino_due_x_dbg/core.a(abi.cpp.o)
                              C:\Users\lorenzo\AppData\Local\Temp\VMicroBuilds\SensoreTemperatura\arduino_due_x_dbg/core.a(Print.cpp.o) (__cxa_pure_virtual)
[...]
Memory Configuration

Name             Origin             Length             Attributes
rom              0x00080000         0x00080000         xr
sram0            0x20000000         0x00010000         xrw
sram1            0x20080000         0x00008000         xrw
ram              0x20070000         0x00018000         xrw
*default*        0x00000000         0xffffffff

Linker script and memory map

LOAD c:/users/lorenzo/appdata/local/arduino15/packages/arduino/tools/arm-none-eabi-gcc/4.8.3-2014q1/bin/../lib/gcc/arm-none-eabi/4.8.3/armv7-m/crti.o
LOAD c:/users/lorenzo/appdata/local/arduino15/packages/arduino/tools/arm-none-eabi-gcc/4.8.3-2014q1/bin/../lib/gcc/arm-none-eabi/4.8.3/armv7-m/crtbegin.o
LOAD c:/users/lorenzo/appdata/local/arduino15/packages/arduino/tools/arm-none-eabi-gcc/4.8.3-2014q1/bin/../lib/gcc/arm-none-eabi/4.8.3/../../../../arm-none-eabi/lib/armv7-m/crt0.o
START GROUP
LOAD C:\Users\lorenzo\AppData\Local\Temp\VMicroBuilds\SensoreTemperatura\arduino_due_x_dbg\SensoreTemperatura.cpp.o
LOAD C:\Users\lorenzo\AppData\Local\Temp\VMicroBuilds\SensoreTemperatura\arduino_due_x_dbg\FreeRTOS_ARM\FreeRTOS_ARM.c.o
LOAD C:\Users\lorenzo\AppData\Local\Temp\VMicroBuilds\SensoreTemperatura\arduino_due_x_dbg\FreeRTOS_ARM\assertMsg.cpp.o
LOAD C:\Users\lorenzo\AppData\Local\Temp\VMicroBuilds\SensoreTemperatura\arduino_due_x_dbg\FreeRTOS_ARM\basic_io_arm.cpp.o
LOAD C:\Users\lorenzo\AppData\Local\Temp\VMicroBuilds\SensoreTemperatura\arduino_due_x_dbg\FreeRTOS_ARM\utility\croutine.c.o
LOAD C:\Users\lorenzo\AppData\Local\Temp\VMicroBuilds\SensoreTemperatura\arduino_due_x_dbg\FreeRTOS_ARM\utility\event_groups.c.o
LOAD C:\Users\lorenzo\AppData\Local\Temp\VMicroBuilds\SensoreTemperatura\arduino_due_x_dbg\FreeRTOS_ARM\utility\heap_3.c.o
LOAD C:\Users\lorenzo\AppData\Local\Temp\VMicroBuilds\SensoreTemperatura\arduino_due_x_dbg\FreeRTOS_ARM\utility\list.c.o
LOAD C:\Users\lorenzo\AppData\Local\Temp\VMicroBuilds\SensoreTemperatura\arduino_due_x_dbg\FreeRTOS_ARM\utility\port.c.o
LOAD C:\Users\lorenzo\AppData\Local\Temp\VMicroBuilds\SensoreTemperatura\arduino_due_x_dbg\FreeRTOS_ARM\utility\queue.c.o
LOAD C:\Users\lorenzo\AppData\Local\Temp\VMicroBuilds\SensoreTemperatura\arduino_due_x_dbg\FreeRTOS_ARM\utility\tasks.c.o
LOAD C:\Users\lorenzo\AppData\Local\Temp\VMicroBuilds\SensoreTemperatura\arduino_due_x_dbg\FreeRTOS_ARM\utility\timers.c.o
LOAD C:\Users\lorenzo\AppData\Local\arduino15\packages\arduino\hardware\sam\1.6.9\variants\arduino_due_x/libsam_sam3x8e_gcc_rel.a
LOAD C:\Users\lorenzo\AppData\Local\Temp\VMicroBuilds\SensoreTemperatura\arduino_due_x_dbg/core.a
END GROUP
LOAD c:/users/lorenzo/appdata/local/arduino15/packages/arduino/tools/arm-none-eabi-gcc/4.8.3-2014q1/bin/../lib/gcc/arm-none-eabi/4.8.3/../../../../arm-none-eabi/lib/armv7-m\libm.a
START GROUP
LOAD c:/users/lorenzo/appdata/local/arduino15/packages/arduino/tools/arm-none-eabi-gcc/4.8.3-2014q1/bin/../lib/gcc/arm-none-eabi/4.8.3/armv7-m\libgcc.a
LOAD c:/users/lorenzo/appdata/local/arduino15/packages/arduino/tools/arm-none-eabi-gcc/4.8.3-2014q1/bin/../lib/gcc/arm-none-eabi/4.8.3/../../../../arm-none-eabi/lib/armv7-m\libg.a
LOAD c:/users/lorenzo/appdata/local/arduino15/packages/arduino/tools/arm-none-eabi-gcc/4.8.3-2014q1/bin/../lib/gcc/arm-none-eabi/4.8.3/../../../../arm-none-eabi/lib/armv7-m\libc.a
END GROUP
LOAD c:/users/lorenzo/appdata/local/arduino15/packages/arduino/tools/arm-none-eabi-gcc/4.8.3-2014q1/bin/../lib/gcc/arm-none-eabi/4.8.3/armv7-m/crtend.o
LOAD c:/users/lorenzo/appdata/local/arduino15/packages/arduino/tools/arm-none-eabi-gcc/4.8.3-2014q1/bin/../lib/gcc/arm-none-eabi/4.8.3/armv7-m/crtn.o

.text           0x00080000     0x85a4
                0x00080000                . = ALIGN (0x4)
                0x00080000                _sfixed = .
 *(.vectors .vectors.*)
 .vectors       0x00080000       0xf4 C:\Users\lorenzo\AppData\Local\arduino15\packages\arduino\hardware\sam\1.6.9\variants\arduino_due_x/libsam_sam3x8e_gcc_rel.a(startup_sam3xa.o)
                0x00080000                exception_table
 *(.text .text.* .gnu.linkonce.t.*)
 .text          0x000800f4       0x54 c:/users/lorenzo/appdata/local/arduino15/packages/arduino/tools/arm-none-eabi-gcc/4.8.3-2014q1/bin/../lib/gcc/arm-none-eabi/4.8.3/armv7-m/crtbegin.o
 .text._Z9TaskTemp1Pv
                0x00080148       0x60 C:\Users\lorenzo\AppData\Local\Temp\VMicroBuilds\SensoreTemperatura\arduino_due_x_dbg\SensoreTemperatura.cpp.o
                0x00080148                TaskTemp1(void*)
 .text._Z9TaskTemp2Pv
                0x000801a8       0x60 C:\Users\lorenzo\AppData\Local\Temp\VMicroBuilds\SensoreTemperatura\arduino_due_x_dbg\SensoreTemperatura.cpp.o
                0x000801a8                TaskTemp2(void*)
 .text._Z9TaskMotorPv
                0x00080208      0x1c4 C:\Users\lorenzo\AppData\Local\Temp\VMicroBuilds\SensoreTemperatura\arduino_due_x_dbg\SensoreTemperatura.cpp.o
                0x00080208                TaskMotor(void*)
 .text.loop     0x000803cc        0x2 C:\Users\lorenzo\AppData\Local\Temp\VMicroBuilds\SensoreTemperatura\arduino_due_x_dbg\SensoreTemperatura.cpp.o
                0x000803cc                loop
 *fill*         0x000803ce        0x2 
 .text.startup._GLOBAL__sub_I_tmax
                0x000803d0       0x2c C:\Users\lorenzo\AppData\Local\Temp\VMicroBuilds\SensoreTemperatura\arduino_due_x_dbg\SensoreTemperatura.cpp.o
 .text.setup    0x000803fc      0x114 C:\Users\lorenzo\AppData\Local\Temp\VMicroBuilds\SensoreTemperatura\arduino_due_x_dbg\SensoreTemperatura.cpp.o
                0x000803fc                setup
 .text._Z15TaskSerialTracePv
                0x00080510      0x158 C:\Users\lorenzo\AppData\Local\Temp\VMicroBuilds\SensoreTemperatura\arduino_due_x_dbg\SensoreTemperatura.cpp.o
                0x00080510                TaskSerialTrace(void*)
 .text._Z14TaskSerialReadPv
                0x00080668      0x108 C:\Users\lorenzo\AppData\Local\Temp\VMicroBuilds\SensoreTemperatura\arduino_due_x_dbg\SensoreTemperatura.cpp.o
                0x00080668                TaskSerialRead(void*)
 .text.errorBlink
                0x00080770       0x48 C:\Users\lorenzo\AppData\Local\Temp\VMicroBuilds\SensoreTemperatura\arduino_due_x_dbg\FreeRTOS_ARM\FreeRTOS_ARM.c.o
 .text.assertBlink
                0x000807b8        0x8 C:\Users\lorenzo\AppData\Local\Temp\VMicroBuilds\SensoreTemperatura\arduino_due_x_dbg\FreeRTOS_ARM\FreeRTOS_ARM.c.o
                0x000807b8                assertBlink
 .text.vApplicationMallocFailedHook
                0x000807c0        0x8 C:\Users\lorenzo\AppData\Local\Temp\VMicroBuilds\SensoreTemperatura\arduino_due_x_dbg\FreeRTOS_ARM\FreeRTOS_ARM.c.o
                0x000807c0                vApplicationMallocFailedHook
 .text.vApplicationIdleHook
                0x000807c8        0x4 C:\Users\lorenzo\AppData\Local\Temp\VMicroBuilds\SensoreTemperatura\arduino_due_x_dbg\FreeRTOS_ARM\FreeRTOS_ARM.c.o
                0x000807c8                vApplicationIdleHook
 .text.vApplicationStackOverflowHook
                0x000807cc        0x8 C:\Users\lorenzo\AppData\Local\Temp\VMicroBuilds\SensoreTemperatura\arduino_due_x_dbg\FreeRTOS_ARM\FreeRTOS_ARM.c.o
                0x000807cc                vApplicationStackOverflowHook
 .text.HardFault_Handler
                0x000807d4        0x8 C:\Users\lorenzo\AppData\Local\Temp\VMicroBuilds\SensoreTemperatura\arduino_due_x_dbg\FreeRTOS_ARM\FreeRTOS_ARM.c.o
                0x000807d4                HardFault_Handler
 .text.BusFault_Handler
                0x000807dc        0x8 C:\Users\lorenzo\AppData\Local\Temp\VMicroBuilds\SensoreTemperatura\arduino_due_x_dbg\FreeRTOS_ARM\FreeRTOS_ARM.c.o
                0x000807dc                BusFault_Handler
 .text.UsageFault_Handler
                0x000807e4        0x8 C:\Users\lorenzo\AppData\Local\Temp\VMicroBuilds\SensoreTemperatura\arduino_due_x_dbg\FreeRTOS_ARM\FreeRTOS_ARM.c.o
                0x000807e4                UsageFault_Handler
 .text.vApplicationTickHook
                0x000807ec        0x2 C:\Users\lorenzo\AppData\Local\Temp\VMicroBuilds\SensoreTemperatura\arduino_due_x_dbg\FreeRTOS_ARM\FreeRTOS_ARM.c.o
                0x000807ec                vApplicationTickHook
 .text.pvPortMalloc
                0x000807ee       0x1e C:\Users\lorenzo\AppData\Local\Temp\VMicroBuilds\SensoreTemperatura\arduino_due_x_dbg\FreeRTOS_ARM\utility\heap_3.c.o
                0x000807ee                pvPortMalloc
 .text.vPortFree
                0x0008080c       0x1a C:\Users\lorenzo\AppData\Local\Temp\VMicroBuilds\SensoreTemperatura\arduino_due_x_dbg\FreeRTOS_ARM\utility\heap_3.c.o
                0x0008080c                vPortFree
 .text.vListInitialise
                0x00080826       0x16 C:\Users\lorenzo\AppData\Local\Temp\VMicroBuilds\SensoreTemperatura\arduino_due_x_dbg\FreeRTOS_ARM\utility\list.c.o
                0x00080826                vListInitialise
 .text.vListInitialiseItem
                0x0008083c        0x6 C:\Users\lorenzo\AppData\Local\Temp\VMicroBuilds\SensoreTemperatura\arduino_due_x_dbg\FreeRTOS_ARM\utility\list.c.o
                0x0008083c                vListInitialiseItem
 .text.vListInsertEnd
                0x00080842       0x18 C:\Users\lorenzo\AppData\Local\Temp\VMicroBuilds\SensoreTemperatura\arduino_due_x_dbg\FreeRTOS_ARM\utility\list.c.o
                0x00080842                vListInsertEnd
 .text.vListInsert
                0x0008085a       0x30 C:\Users\lorenzo\AppData\Local\Temp\VMicroBuilds\SensoreTemperatura\arduino_due_x_dbg\FreeRTOS_ARM\utility\list.c.o
                0x0008085a                vListInsert
 .text.uxListRemove
                0x0008088a       0x20 C:\Users\lorenzo\AppData\Local\Temp\VMicroBuilds\SensoreTemperatura\arduino_due_x_dbg\FreeRTOS_ARM\utility\list.c.o
                0x0008088a                uxListRemove
 *fill*         0x000808aa        0x2 
 .text.prvPortStartFirstTask
                0x000808ac       0x20 C:\Users\lorenzo\AppData\Local\Temp\VMicroBuilds\SensoreTemperatura\arduino_due_x_dbg\FreeRTOS_ARM\utility\port.c.o
 .text.pxPortInitialiseStack
                0x000808cc       0x1c C:\Users\lorenzo\AppData\Local\Temp\VMicroBuilds\SensoreTemperatura\arduino_due_x_dbg\FreeRTOS_ARM\utility\port.c.o
                0x000808cc                pxPortInitialiseStack
 .text.svcHook  0x000808e8       0x28 C:\Users\lorenzo\AppData\Local\Temp\VMicroBuilds\SensoreTemperatura\arduino_due_x_dbg\FreeRTOS_ARM\utility\port.c.o
                0x000808e8                svcHook
 .text.vPortYield
                0x00080910       0x18 C:\Users\lorenzo\AppData\Local\Temp\VMicroBuilds\SensoreTemperatura\arduino_due_x_dbg\FreeRTOS_ARM\utility\port.c.o
                0x00080910                vPortYield
 .text.ulPortSetInterruptMask
                0x00080928       0x10 C:\Users\lorenzo\AppData\Local\Temp\VMicroBuilds\SensoreTemperatura\arduino_due_x_dbg\FreeRTOS_ARM\utility\port.c.o
                0x00080928                ulPortSetInterruptMask
 .text.prvTaskExitError
                0x00080938       0x18 C:\Users\lorenzo\AppData\Local\Temp\VMicroBuilds\SensoreTemperatura\arduino_due_x_dbg\FreeRTOS_ARM\utility\port.c.o
 .text.vPortEnterCritical
                0x00080950       0x38 C:\Users\lorenzo\AppData\Local\Temp\VMicroBuilds\SensoreTemperatura\arduino_due_x_dbg\FreeRTOS_ARM\utility\port.c.o
                0x00080950                vPortEnterCritical
 .text.vPortClearInterruptMask
                0x00080988        0x6 C:\Users\lorenzo\AppData\Local\Temp\VMicroBuilds\SensoreTemperatura\arduino_due_x_dbg\FreeRTOS_ARM\utility\port.c.o
                0x00080988                vPortClearInterruptMask
 *fill*         0x0008098e        0x2 
 .text.vPortExitCritical
                0x00080990       0x24 C:\Users\lorenzo\AppData\Local\Temp\VMicroBuilds\SensoreTemperatura\arduino_due_x_dbg\FreeRTOS_ARM\utility\port.c.o
                0x00080990                vPortExitCritical
 .text.pendSVHook
                0x000809b4       0x48 C:\Users\lorenzo\AppData\Local\Temp\VMicroBuilds\SensoreTemperatura\arduino_due_x_dbg\FreeRTOS_ARM\utility\port.c.o
                0x000809b4                pendSVHook
 .text.xPortSysTickHandler
                0x000809fc       0x24 C:\Users\lorenzo\AppData\Local\Temp\VMicroBuilds\SensoreTemperatura\arduino_due_x_dbg\FreeRTOS_ARM\utility\port.c.o
                0x000809fc                xPortSysTickHandler
 .text.sysTickHook
                0x00080a20       0x14 C:\Users\lorenzo\AppData\Local\Temp\VMicroBuilds\SensoreTemperatura\arduino_due_x_dbg\FreeRTOS_ARM\utility\port.c.o
                0x00080a20                sysTickHook
 .text.vPortSetupTimerInterrupt
                0x00080a34        0xc C:\Users\lorenzo\AppData\Local\Temp\VMicroBuilds\SensoreTemperatura\arduino_due_x_dbg\FreeRTOS_ARM\utility\port.c.o
                0x00080a34                vPortSetupTimerInterrupt
 .text.xPortStartScheduler
                0x00080a40       0x8c C:\Users\lorenzo\AppData\Local\Temp\VMicroBuilds\SensoreTemperatura\arduino_due_x_dbg\FreeRTOS_ARM\utility\port.c.o
                0x00080a40                xPortStartScheduler
 .text.vPortValidateInterruptPriority
                0x00080acc        0x2 C:\Users\lorenzo\AppData\Local\Temp\VMicroBuilds\SensoreTemperatura\arduino_due_x_dbg\FreeRTOS_ARM\utility\port.c.o
                0x00080acc                vPortValidateInterruptPriority
 .text.prvCopyDataToQueue
                0x00080ace       0x6a C:\Users\lorenzo\AppData\Local\Temp\VMicroBuilds\SensoreTemperatura\arduino_due_x_dbg\FreeRTOS_ARM\utility\queue.c.o
 .text.prvNotifyQueueSetContainer
                0x00080b38       0x58 C:\Users\lorenzo\AppData\Local\Temp\VMicroBuilds\SensoreTemperatura\arduino_due_x_dbg\FreeRTOS_ARM\utility\queue.c.o
 .text.prvCopyDataFromQueue
                0x00080b90       0x26 C:\Users\lorenzo\AppData\Local\Temp\VMicroBuilds\SensoreTemperatura\arduino_due_x_dbg\FreeRTOS_ARM\utility\queue.c.o
 .text.prvUnlockQueue
                0x00080bb6       0x78 C:\Users\lorenzo\AppData\Local\Temp\VMicroBuilds\SensoreTemperatura\arduino_due_x_dbg\FreeRTOS_ARM\utility\queue.c.o
 .text.xQueueGenericReset
                0x00080c2e       0x60 C:\Users\lorenzo\AppData\Local\Temp\VMicroBuilds\SensoreTemperatura\arduino_due_x_dbg\FreeRTOS_ARM\utility\queue.c.o
                0x00080c2e                xQueueGenericReset
 .text.xQueueGenericCreate
                0x00080c8e       0x48 C:\Users\lorenzo\AppData\Local\Temp\VMicroBuilds\SensoreTemperatura\arduino_due_x_dbg\FreeRTOS_ARM\utility\queue.c.o
                0x00080c8e                xQueueGenericCreate
 .text.xQueueGenericSend
                0x00080cd6      0x126 C:\Users\lorenzo\AppData\Local\Temp\VMicroBuilds\SensoreTemperatura\arduino_due_x_dbg\FreeRTOS_ARM\utility\queue.c.o
                0x00080cd6                xQueueGenericSend
 .text.xQueueCreateMutex
                0x00080dfc       0x46 C:\Users\lorenzo\AppData\Local\Temp\VMicroBuilds\SensoreTemperatura\arduino_due_x_dbg\FreeRTOS_ARM\utility\queue.c.o
                0x00080dfc                xQueueCreateMutex
 .text.xQueueGenericSendFromISR
                0x00080e42       0x9c C:\Users\lorenzo\AppData\Local\Temp\VMicroBuilds\SensoreTemperatura\arduino_due_x_dbg\FreeRTOS_ARM\utility\queue.c.o
                0x00080e42                xQueueGenericSendFromISR
 .text.xQueueGenericReceive
                0x00080ede      0x12a C:\Users\lorenzo\AppData\Local\Temp\VMicroBuilds\SensoreTemperatura\arduino_due_x_dbg\FreeRTOS_ARM\utility\queue.c.o
                0x00080ede                xQueueGenericReceive
 .text.vQueueWaitForMessageRestricted
                0x00081008       0x3e C:\Users\lorenzo\AppData\Local\Temp\VMicroBuilds\SensoreTemperatura\arduino_due_x_dbg\FreeRTOS_ARM\utility\queue.c.o
                0x00081008                vQueueWaitForMessageRestricted
 *fill*         0x00081046        0x2 
 .text.prvResetNextTaskUnblockTime
                0x00081048       0x24 C:\Users\lorenzo\AppData\Local\Temp\VMicroBuilds\SensoreTemperatura\arduino_due_x_dbg\FreeRTOS_ARM\utility\tasks.c.o
 .text.prvAddCurrentTaskToDelayedList
                0x0008106c       0x50 C:\Users\lorenzo\AppData\Local\Temp\VMicroBuilds\SensoreTemperatura\arduino_due_x_dbg\FreeRTOS_ARM\utility\tasks.c.o
 .text.xTaskGenericCreate
                0x000810bc      0x1b0 C:\Users\lorenzo\AppData\Local\Temp\VMicroBuilds\SensoreTemperatura\arduino_due_x_dbg\FreeRTOS_ARM\utility\tasks.c.o
                0x000810bc                xTaskGenericCreate
 .text.vTaskStartScheduler
                0x0008126c       0x74 C:\Users\lorenzo\AppData\Local\Temp\VMicroBuilds\SensoreTemperatura\arduino_due_x_dbg\FreeRTOS_ARM\utility\tasks.c.o
                0x0008126c                vTaskStartScheduler
 .text.vTaskSuspendAll
                0x000812e0       0x10 C:\Users\lorenzo\AppData\Local\Temp\VMicroBuilds\SensoreTemperatura\arduino_due_x_dbg\FreeRTOS_ARM\utility\tasks.c.o
                0x000812e0                vTaskSuspendAll
 .text.xTaskGetTickCount
                0x000812f0        0xc C:\Users\lorenzo\AppData\Local\Temp\VMicroBuilds\SensoreTemperatura\arduino_due_x_dbg\FreeRTOS_ARM\utility\tasks.c.o
                0x000812f0                xTaskGetTickCount
 .text.xTaskIncrementTick
                0x000812fc      0x114 C:\Users\lorenzo\AppData\Local\Temp\VMicroBuilds\SensoreTemperatura\arduino_due_x_dbg\FreeRTOS_ARM\utility\tasks.c.o
                0x000812fc                xTaskIncrementTick
 .text.xTaskResumeAll
                0x00081410       0xc8 C:\Users\lorenzo\AppData\Local\Temp\VMicroBuilds\SensoreTemperatura\arduino_due_x_dbg\FreeRTOS_ARM\utility\tasks.c.o
                0x00081410                xTaskResumeAll
 .text.vTaskDelayUntil
                0x000814d8       0x90 C:\Users\lorenzo\AppData\Local\Temp\VMicroBuilds\SensoreTemperatura\arduino_due_x_dbg\FreeRTOS_ARM\utility\tasks.c.o
                0x000814d8                vTaskDelayUntil
 .text.vTaskDelay
                0x00081568       0x64 C:\Users\lorenzo\AppData\Local\Temp\VMicroBuilds\SensoreTemperatura\arduino_due_x_dbg\FreeRTOS_ARM\utility\tasks.c.o
                0x00081568                vTaskDelay
 .text.prvIdleTask
                0x000815cc       0x68 C:\Users\lorenzo\AppData\Local\Temp\VMicroBuilds\SensoreTemperatura\arduino_due_x_dbg\FreeRTOS_ARM\utility\tasks.c.o
 .text.vTaskSwitchContext
                0x00081634       0x98 C:\Users\lorenzo\AppData\Local\Temp\VMicroBuilds\SensoreTemperatura\arduino_due_x_dbg\FreeRTOS_ARM\utility\tasks.c.o
                0x00081634                vTaskSwitchContext
 .text.vTaskPlaceOnEventList
                0x000816cc       0x68 C:\Users\lorenzo\AppData\Local\Temp\VMicroBuilds\SensoreTemperatura\arduino_due_x_dbg\FreeRTOS_ARM\utility\tasks.c.o
                0x000816cc                vTaskPlaceOnEventList
 .text.vTaskPlaceOnEventListRestricted
                0x00081734       0x68 C:\Users\lorenzo\AppData\Local\Temp\VMicroBuilds\SensoreTemperatura\arduino_due_x_dbg\FreeRTOS_ARM\utility\tasks.c.o
                0x00081734                vTaskPlaceOnEventListRestricted
 .text.xTaskRemoveFromEventList
                0x0008179c       0x74 C:\Users\lorenzo\AppData\Local\Temp\VMicroBuilds\SensoreTemperatura\arduino_due_x_dbg\FreeRTOS_ARM\utility\tasks.c.o
                0x0008179c                xTaskRemoveFromEventList
 .text.vTaskSetTimeOutState
                0x00081810       0x20 C:\Users\lorenzo\AppData\Local\Temp\VMicroBuilds\SensoreTemperatura\arduino_due_x_dbg\FreeRTOS_ARM\utility\tasks.c.o
                0x00081810                vTaskSetTimeOutState
 .text.xTaskCheckForTimeOut
                0x00081830       0x58 C:\Users\lorenzo\AppData\Local\Temp\VMicroBuilds\SensoreTemperatura\arduino_due_x_dbg\FreeRTOS_ARM\utility\tasks.c.o
                0x00081830                xTaskCheckForTimeOut
 .text.vTaskMissedYield
                0x00081888        0xc C:\Users\lorenzo\AppData\Local\Temp\VMicroBuilds\SensoreTemperatura\arduino_due_x_dbg\FreeRTOS_ARM\utility\tasks.c.o
                0x00081888                vTaskMissedYield
 .text.xTaskGetSchedulerState
                0x00081894       0x20 C:\Users\lorenzo\AppData\Local\Temp\VMicroBuilds\SensoreTemperatura\arduino_due_x_dbg\FreeRTOS_ARM\utility\tasks.c.o
                0x00081894                xTaskGetSchedulerState
 .text.vTaskPriorityInherit
                0x000818b4       0x94 C:\Users\lorenzo\AppData\Local\Temp\VMicroBuilds\SensoreTemperatura\arduino_due_x_dbg\FreeRTOS_ARM\utility\tasks.c.o
                0x000818b4                vTaskPriorityInherit
 .text.xTaskPriorityDisinherit
                0x00081948       0x88 C:\Users\lorenzo\AppData\Local\Temp\VMicroBuilds\SensoreTemperatura\arduino_due_x_dbg\FreeRTOS_ARM\utility\tasks.c.o
                0x00081948                xTaskPriorityDisinherit
 .text.pvTaskIncrementMutexHeldCount
                0x000819d0       0x18 C:\Users\lorenzo\AppData\Local\Temp\VMicroBuilds\SensoreTemperatura\arduino_due_x_dbg\FreeRTOS_ARM\utility\tasks.c.o
                0x000819d0                pvTaskIncrementMutexHeldCount
 .text.prvCheckForValidListAndQueue
                0x000819e8       0x54 C:\Users\lorenzo\AppData\Local\Temp\VMicroBuilds\SensoreTemperatura\arduino_due_x_dbg\FreeRTOS_ARM\utility\timers.c.o
 .text.prvInsertTimerInActiveList
                0x00081a3c       0x3c C:\Users\lorenzo\AppData\Local\Temp\VMicroBuilds\SensoreTemperatura\arduino_due_x_dbg\FreeRTOS_ARM\utility\timers.c.o
 .text.xTimerCreateTimerTask
                0x00081a78       0x40 C:\Users\lorenzo\AppData\Local\Temp\VMicroBuilds\SensoreTemperatura\arduino_due_x_dbg\FreeRTOS_ARM\utility\timers.c.o
                0x00081a78                xTimerCreateTimerTask
 .text.xTimerGenericCommand
                0x00081ab8       0x54 C:\Users\lorenzo\AppData\Local\Temp\VMicroBuilds\SensoreTemperatura\arduino_due_x_dbg\FreeRTOS_ARM\utility\timers.c.o
                0x00081ab8                xTimerGenericCommand
 .text.prvSwitchTimerLists
                0x00081b0c       0x68 C:\Users\lorenzo\AppData\Local\Temp\VMicroBuilds\SensoreTemperatura\arduino_due_x_dbg\FreeRTOS_ARM\utility\timers.c.o
 .text.prvTimerTask
                0x00081b74      0x194 C:\Users\lorenzo\AppData\Local\Temp\VMicroBuilds\SensoreTemperatura\arduino_due_x_dbg\FreeRTOS_ARM\utility\timers.c.o
 .text.Reset_Handler
                0x00081d08       0x78 C:\Users\lorenzo\AppData\Local\arduino15\packages\arduino\hardware\sam\1.6.9\variants\arduino_due_x/libsam_sam3x8e_gcc_rel.a(startup_sam3xa.o)
                0x00081d08                Reset_Handler
 .text.UOTGHS_Handler
                0x00081d80       0x10 C:\Users\lorenzo\AppData\Local\arduino15\packages\arduino\hardware\sam\1.6.9\variants\arduino_due_x/libsam_sam3x8e_gcc_rel.a(uotghs.o)
                0x00081d80                UOTGHS_Handler
 .text.__halt   0x00081d90        0x2 C:\Users\lorenzo\AppData\Local\Temp\VMicroBuilds\SensoreTemperatura\arduino_due_x_dbg/core.a(cortex_handlers.c.o)
                0x00081d90                DACC_Handler
                0x00081d90                DebugMon_Handler
                0x00081d90                DMAC_Handler
                0x00081d90                TRNG_Handler
                0x00081d90                TC2_Handler
                0x00081d90                TWI1_Handler
                0x00081d90                NMI_Handler
                0x00081d90                TC7_Handler
                0x00081d90                ADC_Handler
                0x00081d90                SMC_Handler
                0x00081d90                RTT_Handler
                0x00081d90                EFC1_Handler
                0x00081d90                PIOB_Handler
                0x00081d90                RTC_Handler
                0x00081d90                TC6_Handler
                0x00081d90                WDT_Handler
                0x00081d90                CAN0_Handler
                0x00081d90                TC4_Handler
                0x00081d90                TC1_Handler
                0x00081d90                HSMCI_Handler
                0x00081d90                TC3_Handler
                0x00081d90                TWI0_Handler
                0x00081d90                PIOA_Handler
                0x00081d90                SSC_Handler
                0x00081d90                EFC0_Handler
                0x00081d90                PMC_Handler
                0x00081d90                PWM_Handler
                0x00081d90                CAN1_Handler
                0x00081d90                MemManage_Handler
                0x00081d90                SUPC_Handler
                0x00081d90                TC8_Handler
                0x00081d90                USART2_Handler
                0x00081d90                PIOD_Handler
                0x00081d90                EMAC_Handler
                0x00081d90                PIOC_Handler
                0x00081d90                RSTC_Handler
                0x00081d90                TC0_Handler
                0x00081d90                TC5_Handler
                0x00081d90                SPI0_Handler
 .text.SVC_Handler
                0x00081d92        0x4 C:\Users\lorenzo\AppData\Local\Temp\VMicroBuilds\SensoreTemperatura\arduino_due_x_dbg/core.a(cortex_handlers.c.o)
                0x00081d92                SVC_Handler
 .text.PendSV_Handler
                0x00081d96        0x4 C:\Users\lorenzo\AppData\Local\Temp\VMicroBuilds\SensoreTemperatura\arduino_due_x_dbg/core.a(cortex_handlers.c.o)
                0x00081d96                PendSV_Handler
 .text.SysTick_Handler
                0x00081d9a       0x16 C:\Users\lorenzo\AppData\Local\Temp\VMicroBuilds\SensoreTemperatura\arduino_due_x_dbg/core.a(cortex_handlers.c.o)
                0x00081d9a                SysTick_Handler
 .text._sbrk    0x00081db0       0x1c C:\Users\lorenzo\AppData\Local\Temp\VMicroBuilds\SensoreTemperatura\arduino_due_x_dbg/core.a(syscalls_sam3.c.o)
                0x00081db0                _sbrk
 .text.link     0x00081dcc        0x6 C:\Users\lorenzo\AppData\Local\Temp\VMicroBuilds\SensoreTemperatura\arduino_due_x_dbg/core.a(syscalls_sam3.c.o)
                0x00081dcc                link
 .text._close   0x00081dd2        0x6 C:\Users\lorenzo\AppData\Local\Temp\VMicroBuilds\SensoreTemperatura\arduino_due_x_dbg/core.a(syscalls_sam3.c.o)
                0x00081dd2                _close
 .text._fstat   0x00081dd8        0xa C:\Users\lorenzo\AppData\Local\Temp\VMicroBuilds\SensoreTemperatura\arduino_due_x_dbg/core.a(syscalls_sam3.c.o)
                0x00081dd8                _fstat
 .text._isatty  0x00081de2        0x4 C:\Users\lorenzo\AppData\Local\Temp\VMicroBuilds\SensoreTemperatura\arduino_due_x_dbg/core.a(syscalls_sam3.c.o)
                0x00081de2                _isatty
 .text._lseek   0x00081de6        0x4 C:\Users\lorenzo\AppData\Local\Temp\VMicroBuilds\SensoreTemperatura\arduino_due_x_dbg/core.a(syscalls_sam3.c.o)
                0x00081de6                _lseek
 .text._read    0x00081dea        0x4 C:\Users\lorenzo\AppData\Local\Temp\VMicroBuilds\SensoreTemperatura\arduino_due_x_dbg/core.a(syscalls_sam3.c.o)
                0x00081dea                _read
 *fill*         0x00081dee        0x2 
 .text._write   0x00081df0       0x24 C:\Users\lorenzo\AppData\Local\Temp\VMicroBuilds\SensoreTemperatura\arduino_due_x_dbg/core.a(syscalls_sam3.c.o)
                0x00081df0                _write
 .text._exit    0x00081e14       0x10 C:\Users\lorenzo\AppData\Local\Temp\VMicroBuilds\SensoreTemperatura\arduino_due_x_dbg/core.a(syscalls_sam3.c.o)
                0x00081e14                _exit
 .text._kill    0x00081e24        0x2 C:\Users\lorenzo\AppData\Local\Temp\VMicroBuilds\SensoreTemperatura\arduino_due_x_dbg/core.a(syscalls_sam3.c.o)
                0x00081e24                _kill
 .text._getpid  0x00081e26        0x6 C:\Users\lorenzo\AppData\Local\Temp\VMicroBuilds\SensoreTemperatura\arduino_due_x_dbg/core.a(syscalls_sam3.c.o)
                0x00081e26                _getpid
 .text.micros   0x00081e2c       0x74 C:\Users\lorenzo\AppData\Local\Temp\VMicroBuilds\SensoreTemperatura\arduino_due_x_dbg/core.a(wiring.c.o)
                0x00081e2c                micros
 .text.delay    0x00081ea0       0x1c C:\Users\lorenzo\AppData\Local\Temp\VMicroBuilds\SensoreTemperatura\arduino_due_x_dbg/core.a(wiring.c.o)
                0x00081ea0                delay
 .text.mapResolution
                0x00081ebc       0x12 C:\Users\lorenzo\AppData\Local\Temp\VMicroBuilds\SensoreTemperatura\arduino_due_x_dbg/core.a(wiring_analog.c.o)
 *fill*         0x00081ece        0x2 
 .text.analogReadResolution
                0x00081ed0        0xc C:\Users\lorenzo\AppData\Local\Temp\VMicroBuilds\SensoreTemperatura\arduino_due_x_dbg/core.a(wiring_analog.c.o)
                0x00081ed0                analogReadResolution
 .text.analogRead
                0x00081edc       0x9c C:\Users\lorenzo\AppData\Local\Temp\VMicroBuilds\SensoreTemperatura\arduino_due_x_dbg/core.a(wiring_analog.c.o)
                0x00081edc                analogRead
 .text.analogOutputInit
                0x00081f78        0x2 C:\Users\lorenzo\AppData\Local\Temp\VMicroBuilds\SensoreTemperatura\arduino_due_x_dbg/core.a(wiring_analog.c.o)
                0x00081f78                analogOutputInit
 *fill*         0x00081f7a        0x2 
 .text.pinMode  0x00081f7c      0x108 C:\Users\lorenzo\AppData\Local\Temp\VMicroBuilds\SensoreTemperatura\arduino_due_x_dbg/core.a(wiring_digital.c.o)
                0x00081f7c                pinMode
 .text.digitalWrite
                0x00082084       0x70 C:\Users\lorenzo\AppData\Local\Temp\VMicroBuilds\SensoreTemperatura\arduino_due_x_dbg/core.a(wiring_digital.c.o)
                0x00082084                digitalWrite
 .text.initVariant
                0x000820f4        0x2 C:\Users\lorenzo\AppData\Local\Temp\VMicroBuilds\SensoreTemperatura\arduino_due_x_dbg/core.a(main.cpp.o)
                0x000820f4                initVariant
 *fill*         0x000820f6        0x2 
 .text.startup.main
                0x000820f8       0x38 C:\Users\lorenzo\AppData\Local\Temp\VMicroBuilds\SensoreTemperatura\arduino_due_x_dbg/core.a(main.cpp.o)
                0x000820f8                main
 .text._ZN5Print5writeEPKhj
                0x00082130       0x22 C:\Users\lorenzo\AppData\Local\Temp\VMicroBuilds\SensoreTemperatura\arduino_due_x_dbg/core.a(Print.cpp.o)
                0x00082130                Print::write(unsigned char const*, unsigned int)
 .text._ZN5Print5printEmi.part.3
                0x00082152        0xc C:\Users\lorenzo\AppData\Local\Temp\VMicroBuilds\SensoreTemperatura\arduino_due_x_dbg/core.a(Print.cpp.o)
 .text._ZN5Print5writeEPKc
                0x0008215e       0x1e C:\Users\lorenzo\AppData\Local\Temp\VMicroBuilds\SensoreTemperatura\arduino_due_x_dbg/core.a(Print.cpp.o)
                0x0008215e                Print::write(char const*)
 .text._ZN5Print5printERK6String
                0x0008217c       0x10 C:\Users\lorenzo\AppData\Local\Temp\VMicroBuilds\SensoreTemperatura\arduino_due_x_dbg/core.a(Print.cpp.o)
                0x0008217c                Print::print(String const&)
 .text._ZN5Print5printEPKc
                0x0008218c        0x8 C:\Users\lorenzo\AppData\Local\Temp\VMicroBuilds\SensoreTemperatura\arduino_due_x_dbg/core.a(Print.cpp.o)
                0x0008218c                Print::print(char const*)
 .text._ZN5Print5printEc
                0x00082194        0xa C:\Users\lorenzo\AppData\Local\Temp\VMicroBuilds\SensoreTemperatura\arduino_due_x_dbg/core.a(Print.cpp.o)
                0x00082194                Print::print(char)
 *fill*         0x0008219e        0x2 
 .text._ZN5Print7printlnEv
                0x000821a0       0x10 C:\Users\lorenzo\AppData\Local\Temp\VMicroBuilds\SensoreTemperatura\arduino_due_x_dbg/core.a(Print.cpp.o)
                0x000821a0                Print::println()
 .text._ZN5Print7printlnEPK19__FlashStringHelper
                0x000821b0       0x14 C:\Users\lorenzo\AppData\Local\Temp\VMicroBuilds\SensoreTemperatura\arduino_due_x_dbg/core.a(Print.cpp.o)
                0x000821b0                Print::println(__FlashStringHelper const*)
 .text._ZN5Print7printlnEPKc
                0x000821c4       0x14 C:\Users\lorenzo\AppData\Local\Temp\VMicroBuilds\SensoreTemperatura\arduino_due_x_dbg/core.a(Print.cpp.o)
                0x000821c4                Print::println(char const*)
 .text._ZN5Print11printNumberEmh
                0x000821d8       0x3e C:\Users\lorenzo\AppData\Local\Temp\VMicroBuilds\SensoreTemperatura\arduino_due_x_dbg/core.a(Print.cpp.o)
                0x000821d8                Print::printNumber(unsigned long, unsigned char)
 .text._ZN5Print5printEli
                0x00082216       0x3c C:\Users\lorenzo\AppData\Local\Temp\VMicroBuilds\SensoreTemperatura\arduino_due_x_dbg/core.a(Print.cpp.o)
                0x00082216                Print::print(long, int)
 .text._ZN5Print5printEii
                0x00082252        0x4 C:\Users\lorenzo\AppData\Local\Temp\VMicroBuilds\SensoreTemperatura\arduino_due_x_dbg/core.a(Print.cpp.o)
                0x00082252                Print::print(int, int)
 .text._ZN5Print7printlnEli
                0x00082256       0x14 C:\Users\lorenzo\AppData\Local\Temp\VMicroBuilds\SensoreTemperatura\arduino_due_x_dbg/core.a(Print.cpp.o)
                0x00082256                Print::println(long, int)
 .text._ZN5Print5printEmi
                0x0008226a        0xc C:\Users\lorenzo\AppData\Local\Temp\VMicroBuilds\SensoreTemperatura\arduino_due_x_dbg/core.a(Print.cpp.o)
                0x0008226a                Print::print(unsigned long, int)
 *fill*         0x00082276        0x2 
 .text._ZN5Print10printFloatEdh
                0x00082278      0x14c C:\Users\lorenzo\AppData\Local\Temp\VMicroBuilds\SensoreTemperatura\arduino_due_x_dbg/core.a(Print.cpp.o)
                0x00082278                Print::printFloat(double, unsigned char)
 .text._ZN5Print5printEdi
                0x000823c4        0xa C:\Users\lorenzo\AppData\Local\Temp\VMicroBuilds\SensoreTemperatura\arduino_due_x_dbg/core.a(Print.cpp.o)
                0x000823c4                Print::print(double, int)
 *fill*         0x000823ce        0x2 
 .text.initiateReset
                0x000823d0        0xc C:\Users\lorenzo\AppData\Local\Temp\VMicroBuilds\SensoreTemperatura\arduino_due_x_dbg/core.a(Reset.cpp.o)
                0x000823d0                initiateReset
 .text.cancelReset
                0x000823dc       0x10 C:\Users\lorenzo\AppData\Local\Temp\VMicroBuilds\SensoreTemperatura\arduino_due_x_dbg/core.a(Reset.cpp.o)
                0x000823dc                cancelReset
 .text.tickReset
                0x000823ec       0x20 C:\Users\lorenzo\AppData\Local\Temp\VMicroBuilds\SensoreTemperatura\arduino_due_x_dbg/core.a(Reset.cpp.o)
                0x000823ec                tickReset
 .text._ZN9UARTClasscvbEv
                0x0008240c        0x4 C:\Users\lorenzo\AppData\Local\Temp\VMicroBuilds\SensoreTemperatura\arduino_due_x_dbg/core.a(UARTClass.cpp.o)
                0x0008240c                UARTClass::operator bool()
 .text._ZN9UARTClass9availableEv
                0x00082410       0x12 C:\Users\lorenzo\AppData\Local\Temp\VMicroBuilds\SensoreTemperatura\arduino_due_x_dbg/core.a(UARTClass.cpp.o)
                0x00082410                UARTClass::available()
 .text._ZN9UARTClass4peekEv
                0x00082422       0x1c C:\Users\lorenzo\AppData\Local\Temp\VMicroBuilds\SensoreTemperatura\arduino_due_x_dbg/core.a(UARTClass.cpp.o)
                0x00082422                UARTClass::peek()
 .text._ZN9UARTClass4readEv
                0x0008243e       0x2a C:\Users\lorenzo\AppData\Local\Temp\VMicroBuilds\SensoreTemperatura\arduino_due_x_dbg/core.a(UARTClass.cpp.o)
                0x0008243e                UARTClass::read()
 .text._ZN9UARTClass5flushEv
                0x00082468       0x18 C:\Users\lorenzo\AppData\Local\Temp\VMicroBuilds\SensoreTemperatura\arduino_due_x_dbg/core.a(UARTClass.cpp.o)
                0x00082468                UARTClass::flush()
 .text._ZN9UARTClass5writeEh
                0x00082480       0x54 C:\Users\lorenzo\AppData\Local\Temp\VMicroBuilds\SensoreTemperatura\arduino_due_x_dbg/core.a(UARTClass.cpp.o)
                0x00082480                UARTClass::write(unsigned char)
 .text._ZN9UARTClass3endEv
                0x000824d4       0x3c C:\Users\lorenzo\AppData\Local\Temp\VMicroBuilds\SensoreTemperatura\arduino_due_x_dbg/core.a(UARTClass.cpp.o)
                0x000824d4                UARTClass::end()
 .text._ZN9UARTClassC2EP4Uart4IRQnmP10RingBufferS4_
                0x00082510       0x24 C:\Users\lorenzo\AppData\Local\Temp\VMicroBuilds\SensoreTemperatura\arduino_due_x_dbg/core.a(UARTClass.cpp.o)
                0x00082510                UARTClass::UARTClass(Uart*, IRQn, unsigned long, RingBuffer*, RingBuffer*)
                0x00082510                UARTClass::UARTClass(Uart*, IRQn, unsigned long, RingBuffer*, RingBuffer*)
 .text._ZN9UARTClass4initEmm
                0x00082534       0x70 C:\Users\lorenzo\AppData\Local\Temp\VMicroBuilds\SensoreTemperatura\arduino_due_x_dbg/core.a(UARTClass.cpp.o)
                0x00082534                UARTClass::init(unsigned long, unsigned long)
 .text._ZN9UARTClass5beginEm
                0x000825a4        0x8 C:\Users\lorenzo\AppData\Local\Temp\VMicroBuilds\SensoreTemperatura\arduino_due_x_dbg/core.a(UARTClass.cpp.o)
                0x000825a4                UARTClass::begin(unsigned long)
 .text._ZN9UARTClass10IrqHandlerEv
                0x000825ac       0x5a C:\Users\lorenzo\AppData\Local\Temp\VMicroBuilds\SensoreTemperatura\arduino_due_x_dbg/core.a(UARTClass.cpp.o)
                0x000825ac                UARTClass::IrqHandler()
 *fill*         0x00082606        0x2 
 .text._watchdogDefaultSetup
                0x00082608        0xc C:\Users\lorenzo\AppData\Local\Temp\VMicroBuilds\SensoreTemperatura\arduino_due_x_dbg/core.a(watchdog.cpp.o)
                0x00082608                _watchdogDefaultSetup
                0x00082608                watchdogSetup()
 .text._ZN6StringD2Ev
                0x00082614        0xe C:\Users\lorenzo\AppData\Local\Temp\VMicroBuilds\SensoreTemperatura\arduino_due_x_dbg/core.a(WString.cpp.o)
                0x00082614                String::~String()
                0x00082614                String::~String()
 .text._ZN6String10invalidateEv
                0x00082622       0x16 C:\Users\lorenzo\AppData\Local\Temp\VMicroBuilds\SensoreTemperatura\arduino_due_x_dbg/core.a(WString.cpp.o)
                0x00082622                String::invalidate()
 .text._ZN6String12changeBufferEj
                0x00082638       0x18 C:\Users\lorenzo\AppData\Local\Temp\VMicroBuilds\SensoreTemperatura\arduino_due_x_dbg/core.a(WString.cpp.o)
                0x00082638                String::changeBuffer(unsigned int)
 .text._ZN6String7reserveEj
                0x00082650       0x22 C:\Users\lorenzo\AppData\Local\Temp\VMicroBuilds\SensoreTemperatura\arduino_due_x_dbg/core.a(WString.cpp.o)
                0x00082650                String::reserve(unsigned int)
 .text._ZN6String4copyEPKcj
                0x00082672       0x26 C:\Users\lorenzo\AppData\Local\Temp\VMicroBuilds\SensoreTemperatura\arduino_due_x_dbg/core.a(WString.cpp.o)
                0x00082672                String::copy(char const*, unsigned int)
 .text._ZN6StringC2EPKc
                0x00082698       0x24 C:\Users\lorenzo\AppData\Local\Temp\VMicroBuilds\SensoreTemperatura\arduino_due_x_dbg/core.a(WString.cpp.o)
                0x00082698                String::String(char const*)
                0x00082698                String::String(char const*)
 .text._ZN6StringaSEPKc
                0x000826bc       0x22 C:\Users\lorenzo\AppData\Local\Temp\VMicroBuilds\SensoreTemperatura\arduino_due_x_dbg/core.a(WString.cpp.o)
                0x000826bc                String::operator=(char const*)
 .text._ZN6String6concatEPKcj
                0x000826de       0x2e C:\Users\lorenzo\AppData\Local\Temp\VMicroBuilds\SensoreTemperatura\arduino_due_x_dbg/core.a(WString.cpp.o)
                0x000826de                String::concat(char const*, unsigned int)
 .text._ZN6String6concatEc
                0x0008270c       0x1a C:\Users\lorenzo\AppData\Local\Temp\VMicroBuilds\SensoreTemperatura\arduino_due_x_dbg/core.a(WString.cpp.o)
                0x0008270c                String::concat(char)
 .text._ZNK6String6equalsEPKc
                0x00082726       0x26 C:\Users\lorenzo\AppData\Local\Temp\VMicroBuilds\SensoreTemperatura\arduino_due_x_dbg/core.a(WString.cpp.o)
                0x00082726                String::equals(char const*) const
 .text._ZNK6String5toIntEv
                0x0008274c        0xa C:\Users\lorenzo\AppData\Local\Temp\VMicroBuilds\SensoreTemperatura\arduino_due_x_dbg/core.a(WString.cpp.o)
                0x0008274c                String::toInt() const
 *fill*         0x00082756        0x2 
 .text.unlikely._ZL11USB_SendZlpv
                0x00082758       0x20 C:\Users\lorenzo\AppData\Local\Temp\VMicroBuilds\SensoreTemperatura\arduino_due_x_dbg/core.a(USBCore.cpp.o)
 .text._Z14USBD_Availablem
                0x00082778       0x2c C:\Users\lorenzo\AppData\Local\Temp\VMicroBuilds\SensoreTemperatura\arduino_due_x_dbg/core.a(USBCore.cpp.o)
                0x00082778                USBD_Available(unsigned long)
 .text._Z9USBD_RecvmPvm
                0x000827a4       0x7c C:\Users\lorenzo\AppData\Local\Temp\VMicroBuilds\SensoreTemperatura\arduino_due_x_dbg/core.a(USBCore.cpp.o)
                0x000827a4                USBD_Recv(unsigned long, void*, unsigned long)
 .text._Z9USBD_Recvm
                0x00082820       0x22 C:\Users\lorenzo\AppData\Local\Temp\VMicroBuilds\SensoreTemperatura\arduino_due_x_dbg/core.a(USBCore.cpp.o)
                0x00082820                USBD_Recv(unsigned long)
 *fill*         0x00082842        0x2 
 .text._Z9USBD_SendmPKvm
                0x00082844       0x4c C:\Users\lorenzo\AppData\Local\Temp\VMicroBuilds\SensoreTemperatura\arduino_due_x_dbg/core.a(USBCore.cpp.o)
                0x00082844                USBD_Send(unsigned long, void const*, unsigned long)
 .text._Z16USBD_SendControlhPKvm
                0x00082890       0x40 C:\Users\lorenzo\AppData\Local\Temp\VMicroBuilds\SensoreTemperatura\arduino_due_x_dbg/core.a(USBCore.cpp.o)
                0x00082890                USBD_SendControl(unsigned char, void const*, unsigned long)
 .text.unlikely._ZL24USB_SendStringDescriptorPKhi
                0x000828d0       0x64 C:\Users\lorenzo\AppData\Local\Temp\VMicroBuilds\SensoreTemperatura\arduino_due_x_dbg/core.a(USBCore.cpp.o)
 .text._Z16USBD_RecvControlPvm
                0x00082934       0x1c C:\Users\lorenzo\AppData\Local\Temp\VMicroBuilds\SensoreTemperatura\arduino_due_x_dbg/core.a(USBCore.cpp.o)
                0x00082934                USBD_RecvControl(void*, unsigned long)
 .text._Z26USBD_ClassInterfaceRequestR8USBSetup
                0x00082950       0x1e C:\Users\lorenzo\AppData\Local\Temp\VMicroBuilds\SensoreTemperatura\arduino_due_x_dbg/core.a(USBCore.cpp.o)
                0x00082950                USBD_ClassInterfaceRequest(USBSetup&)
 .text._Z19USBD_SendInterfacesv
                0x0008296e       0x22 C:\Users\lorenzo\AppData\Local\Temp\VMicroBuilds\SensoreTemperatura\arduino_due_x_dbg/core.a(USBCore.cpp.o)
                0x0008296e                USBD_SendInterfaces()
 .text._Z24USBD_SendOtherInterfacesv
                0x00082990       0x22 C:\Users\lorenzo\AppData\Local\Temp\VMicroBuilds\SensoreTemperatura\arduino_due_x_dbg/core.a(USBCore.cpp.o)
                0x00082990                USBD_SendOtherInterfaces()
 .text._Z10USBD_Flushm
                0x000829b2       0x16 C:\Users\lorenzo\AppData\Local\Temp\VMicroBuilds\SensoreTemperatura\arduino_due_x_dbg/core.a(USBCore.cpp.o)
                0x000829b2                USBD_Flush(unsigned long)
 .text._ZN10USBDevice_C2Ev
                0x000829c8       0x24 C:\Users\lorenzo\AppData\Local\Temp\VMicroBuilds\SensoreTemperatura\arduino_due_x_dbg/core.a(USBCore.cpp.o)
                0x000829c8                USBDevice_::USBDevice_()
                0x000829c8                USBDevice_::USBDevice_()
 .text._ZN10USBDevice_6attachEv
                0x000829ec       0x20 C:\Users\lorenzo\AppData\Local\Temp\VMicroBuilds\SensoreTemperatura\arduino_due_x_dbg/core.a(USBCore.cpp.o)
                0x000829ec                USBDevice_::attach()
 .text.startup._GLOBAL__sub_I_EndPoints
                0x00082a0c        0xc C:\Users\lorenzo\AppData\Local\Temp\VMicroBuilds\SensoreTemperatura\arduino_due_x_dbg/core.a(USBCore.cpp.o)
 .text._ZL7USB_ISRv
                0x00082a18      0x454 C:\Users\lorenzo\AppData\Local\Temp\VMicroBuilds\SensoreTemperatura\arduino_due_x_dbg/core.a(USBCore.cpp.o)
 .text._Z11serialEventv
                0x00082e6c        0x2 C:\Users\lorenzo\AppData\Local\Temp\VMicroBuilds\SensoreTemperatura\arduino_due_x_dbg/core.a(variant.cpp.o)
                0x00082e6c                serialEvent()
 *fill*         0x00082e6e        0x2 
 .text.UART_Handler
                0x00082e70        0xc C:\Users\lorenzo\AppData\Local\Temp\VMicroBuilds\SensoreTemperatura\arduino_due_x_dbg/core.a(variant.cpp.o)
                0x00082e70                UART_Handler
 .text._Z12serialEvent1v
                0x00082e7c        0x2 C:\Users\lorenzo\AppData\Local\Temp\VMicroBuilds\SensoreTemperatura\arduino_due_x_dbg/core.a(variant.cpp.o)
                0x00082e7c                serialEvent1()
 .text._Z12serialEvent2v
                0x00082e7e        0x2 C:\Users\lorenzo\AppData\Local\Temp\VMicroBuilds\SensoreTemperatura\arduino_due_x_dbg/core.a(variant.cpp.o)
                0x00082e7e                serialEvent2()
 .text._Z12serialEvent3v
                0x00082e80        0x2 C:\Users\lorenzo\AppData\Local\Temp\VMicroBuilds\SensoreTemperatura\arduino_due_x_dbg/core.a(variant.cpp.o)
                0x00082e80                serialEvent3()
 *fill*         0x00082e82        0x2 
 .text.USART0_Handler
                0x00082e84        0xc C:\Users\lorenzo\AppData\Local\Temp\VMicroBuilds\SensoreTemperatura\arduino_due_x_dbg/core.a(variant.cpp.o)
                0x00082e84                USART0_Handler
 .text.USART1_Handler
                0x00082e90        0xc C:\Users\lorenzo\AppData\Local\Temp\VMicroBuilds\SensoreTemperatura\arduino_due_x_dbg/core.a(variant.cpp.o)
                0x00082e90                USART1_Handler
 .text.USART3_Handler
                0x00082e9c        0xc C:\Users\lorenzo\AppData\Local\Temp\VMicroBuilds\SensoreTemperatura\arduino_due_x_dbg/core.a(variant.cpp.o)
                0x00082e9c                USART3_Handler
 .text.init     0x00082ea8      0x128 C:\Users\lorenzo\AppData\Local\Temp\VMicroBuilds\SensoreTemperatura\arduino_due_x_dbg/core.a(variant.cpp.o)
                0x00082ea8                init
 .text.startup._GLOBAL__sub_I_g_APinDescription
                0x00082fd0       0xd4 C:\Users\lorenzo\AppData\Local\Temp\VMicroBuilds\SensoreTemperatura\arduino_due_x_dbg/core.a(variant.cpp.o)
 .text._Z14serialEventRunv
                0x000830a4       0x44 C:\Users\lorenzo\AppData\Local\Temp\VMicroBuilds\SensoreTemperatura\arduino_due_x_dbg/core.a(variant.cpp.o)
                0x000830a4                serialEventRun()
 .text.__empty  0x000830e8        0x2 C:\Users\lorenzo\AppData\Local\Temp\VMicroBuilds\SensoreTemperatura\arduino_due_x_dbg/core.a(hooks.c.o)
                0x000830e8                yield
 .text._ZN10RingBufferC2Ev
                0x000830ea       0x1a C:\Users\lorenzo\AppData\Local\Temp\VMicroBuilds\SensoreTemperatura\arduino_due_x_dbg/core.a(RingBuffer.cpp.o)
                0x000830ea                RingBuffer::RingBuffer()
                0x000830ea                RingBuffer::RingBuffer()
 .text._ZN10RingBuffer10store_charEh
                0x00083104       0x1e C:\Users\lorenzo\AppData\Local\Temp\VMicroBuilds\SensoreTemperatura\arduino_due_x_dbg/core.a(RingBuffer.cpp.o)
                0x00083104                RingBuffer::store_char(unsigned char)
 .text._ZN10USARTClass5beginEm
                0x00083122        0x8 C:\Users\lorenzo\AppData\Local\Temp\VMicroBuilds\SensoreTemperatura\arduino_due_x_dbg/core.a(USARTClass.cpp.o)
                0x00083122                USARTClass::begin(unsigned long)
 *fill*         0x0008312a        0x2 
 .text._ZN10USARTClassC2EP5Usart4IRQnmP10RingBufferS4_
                0x0008312c       0x24 C:\Users\lorenzo\AppData\Local\Temp\VMicroBuilds\SensoreTemperatura\arduino_due_x_dbg/core.a(USARTClass.cpp.o)
                0x0008312c                USARTClass::USARTClass(Usart*, IRQn, unsigned long, RingBuffer*, RingBuffer*)
                0x0008312c                USARTClass::USARTClass(Usart*, IRQn, unsigned long, RingBuffer*, RingBuffer*)
 .text._ZN7Serial_9availableEv
                0x00083150       0x18 C:\Users\lorenzo\AppData\Local\Temp\VMicroBuilds\SensoreTemperatura\arduino_due_x_dbg/core.a(CDC.cpp.o)
                0x00083150                Serial_::available()
 .text._ZN7Serial_17availableForWriteEv
                0x00083168        0x6 C:\Users\lorenzo\AppData\Local\Temp\VMicroBuilds\SensoreTemperatura\arduino_due_x_dbg/core.a(CDC.cpp.o)
                0x00083168                Serial_::availableForWrite()
 *fill*         0x0008316e        0x2 
 .text._ZN7Serial_4peekEv
                0x00083170       0x20 C:\Users\lorenzo\AppData\Local\Temp\VMicroBuilds\SensoreTemperatura\arduino_due_x_dbg/core.a(CDC.cpp.o)
                0x00083170                Serial_::peek()
 .text._ZN7Serial_5writeEh
                0x00083190       0x16 C:\Users\lorenzo\AppData\Local\Temp\VMicroBuilds\SensoreTemperatura\arduino_due_x_dbg/core.a(CDC.cpp.o)
                0x00083190                Serial_::write(unsigned char)
 *fill*         0x000831a6        0x2 
 .text._ZN7Serial_4readEv
                0x000831a8       0x44 C:\Users\lorenzo\AppData\Local\Temp\VMicroBuilds\SensoreTemperatura\arduino_due_x_dbg/core.a(CDC.cpp.o)
                0x000831a8                Serial_::read()
 .text._ZN7Serial_5flushEv
                0x000831ec        0x6 C:\Users\lorenzo\AppData\Local\Temp\VMicroBuilds\SensoreTemperatura\arduino_due_x_dbg/core.a(CDC.cpp.o)
                0x000831ec                Serial_::flush()
 *fill*         0x000831f2        0x2 
 .text._ZN7Serial_6acceptEv
                0x000831f4       0x70 C:\Users\lorenzo\AppData\Local\Temp\VMicroBuilds\SensoreTemperatura\arduino_due_x_dbg/core.a(CDC.cpp.o)
                0x000831f4                Serial_::accept()
 .text._ZN7Serial_5writeEPKhj
                0x00083264       0x2c C:\Users\lorenzo\AppData\Local\Temp\VMicroBuilds\SensoreTemperatura\arduino_due_x_dbg/core.a(CDC.cpp.o)
                0x00083264                Serial_::write(unsigned char const*, unsigned int)
 .text._Z16CDC_GetInterfacePh
                0x00083290       0x14 C:\Users\lorenzo\AppData\Local\Temp\VMicroBuilds\SensoreTemperatura\arduino_due_x_dbg/core.a(CDC.cpp.o)
                0x00083290                CDC_GetInterface(unsigned char*)
 .text._Z21CDC_GetOtherInterfacePh
                0x000832a4       0x14 C:\Users\lorenzo\AppData\Local\Temp\VMicroBuilds\SensoreTemperatura\arduino_due_x_dbg/core.a(CDC.cpp.o)
                0x000832a4                CDC_GetOtherInterface(unsigned char*)
 .text._Z9CDC_SetupR8USBSetup
                0x000832b8       0x78 C:\Users\lorenzo\AppData\Local\Temp\VMicroBuilds\SensoreTemperatura\arduino_due_x_dbg/core.a(CDC.cpp.o)
                0x000832b8                CDC_Setup(USBSetup&)
 .text.startup._GLOBAL__sub_I_cdc_rx_buffer
                0x00083330       0x1c C:\Users\lorenzo\AppData\Local\Temp\VMicroBuilds\SensoreTemperatura\arduino_due_x_dbg/core.a(CDC.cpp.o)
 .text._ZN13PluggableUSB_12getInterfaceEPh
                0x0008334c       0x28 C:\Users\lorenzo\AppData\Local\Temp\VMicroBuilds\SensoreTemperatura\arduino_due_x_dbg/core.a(PluggableUSB.cpp.o)
                0x0008334c                PluggableUSB_::getInterface(unsigned char*)
 .text._ZN13PluggableUSB_13getDescriptorER8USBSetup
                0x00083374       0x1c C:\Users\lorenzo\AppData\Local\Temp\VMicroBuilds\SensoreTemperatura\arduino_due_x_dbg/core.a(PluggableUSB.cpp.o)
                0x00083374                PluggableUSB_::getDescriptor(USBSetup&)
 .text._ZN13PluggableUSB_12getShortNameEPc
                0x00083390       0x1c C:\Users\lorenzo\AppData\Local\Temp\VMicroBuilds\SensoreTemperatura\arduino_due_x_dbg/core.a(PluggableUSB.cpp.o)
                0x00083390                PluggableUSB_::getShortName(char*)
 .text._ZN13PluggableUSB_5setupER8USBSetup
                0x000833ac       0x20 C:\Users\lorenzo\AppData\Local\Temp\VMicroBuilds\SensoreTemperatura\arduino_due_x_dbg/core.a(PluggableUSB.cpp.o)
                0x000833ac                PluggableUSB_::setup(USBSetup&)
 .text._Z12PluggableUSBv
                0x000833cc       0x28 C:\Users\lorenzo\AppData\Local\Temp\VMicroBuilds\SensoreTemperatura\arduino_due_x_dbg/core.a(PluggableUSB.cpp.o)
                0x000833cc                PluggableUSB()
 .text.PIO_PullUp
                0x000833f4        0xa C:\Users\lorenzo\AppData\Local\arduino15\packages\arduino\hardware\sam\1.6.9\variants\arduino_due_x/libsam_sam3x8e_gcc_rel.a(pio.o)
                0x000833f4                PIO_PullUp
 .text.PIO_SetPeripheral
                0x000833fe       0x26 C:\Users\lorenzo\AppData\Local\arduino15\packages\arduino\hardware\sam\1.6.9\variants\arduino_due_x/libsam_sam3x8e_gcc_rel.a(pio.o)
                0x000833fe                PIO_SetPeripheral
 .text.PIO_SetInput
                0x00083424       0x26 C:\Users\lorenzo\AppData\Local\arduino15\packages\arduino\hardware\sam\1.6.9\variants\arduino_due_x/libsam_sam3x8e_gcc_rel.a(pio.o)
                0x00083424                PIO_SetInput
 .text.PIO_SetOutput
                0x0008344a       0x24 C:\Users\lorenzo\AppData\Local\arduino15\packages\arduino\hardware\sam\1.6.9\variants\arduino_due_x/libsam_sam3x8e_gcc_rel.a(pio.o)
                0x0008344a                PIO_SetOutput
 *fill*         0x0008346e        0x2 
 .text.PIO_Configure
                0x00083470       0x64 C:\Users\lorenzo\AppData\Local\arduino15\packages\arduino\hardware\sam\1.6.9\variants\arduino_due_x/libsam_sam3x8e_gcc_rel.a(pio.o)
                0x00083470                PIO_Configure
 .text.PIO_GetOutputDataStatus
                0x000834d4       0x14 C:\Users\lorenzo\AppData\Local\arduino15\packages\arduino\hardware\sam\1.6.9\variants\arduino_due_x/libsam_sam3x8e_gcc_rel.a(pio.o)
                0x000834d4                PIO_GetOutputDataStatus
 .text.pmc_enable_upll_clock
                0x000834e8       0x14 C:\Users\lorenzo\AppData\Local\arduino15\packages\arduino\hardware\sam\1.6.9\variants\arduino_due_x/libsam_sam3x8e_gcc_rel.a(pmc.o)
                0x000834e8                pmc_enable_upll_clock
 .text.pmc_enable_periph_clk
                0x000834fc       0x44 C:\Users\lorenzo\AppData\Local\arduino15\packages\arduino\hardware\sam\1.6.9\variants\arduino_due_x/libsam_sam3x8e_gcc_rel.a(pmc.o)
                0x000834fc                pmc_enable_periph_clk
 .text.pmc_disable_periph_clk
                0x00083540       0x40 C:\Users\lorenzo\AppData\Local\arduino15\packages\arduino\hardware\sam\1.6.9\variants\arduino_due_x/libsam_sam3x8e_gcc_rel.a(pmc.o)
                0x00083540                pmc_disable_periph_clk
 .text.pmc_switch_udpck_to_upllck
                0x00083580       0x14 C:\Users\lorenzo\AppData\Local\arduino15\packages\arduino\hardware\sam\1.6.9\variants\arduino_due_x/libsam_sam3x8e_gcc_rel.a(pmc.o)
                0x00083580                pmc_switch_udpck_to_upllck
 .text.pmc_enable_udpck
                0x00083594        0xc C:\Users\lorenzo\AppData\Local\arduino15\packages\arduino\hardware\sam\1.6.9\variants\arduino_due_x/libsam_sam3x8e_gcc_rel.a(pmc.o)
                0x00083594                pmc_enable_udpck
 .text.TimeTick_Increment
                0x000835a0       0x10 C:\Users\lorenzo\AppData\Local\arduino15\packages\arduino\hardware\sam\1.6.9\variants\arduino_due_x/libsam_sam3x8e_gcc_rel.a(timetick.o)
                0x000835a0                TimeTick_Increment
 .text.GetTickCount
                0x000835b0        0xc C:\Users\lorenzo\AppData\Local\arduino15\packages\arduino\hardware\sam\1.6.9\variants\arduino_due_x/libsam_sam3x8e_gcc_rel.a(timetick.o)
                0x000835b0                GetTickCount
 .text.WDT_Disable
                0x000835bc        0x8 C:\Users\lorenzo\AppData\Local\arduino15\packages\arduino\hardware\sam\1.6.9\variants\arduino_due_x/libsam_sam3x8e_gcc_rel.a(wdt.o)
                0x000835bc                WDT_Disable
 .text.SystemInit
                0x000835c4       0x88 C:\Users\lorenzo\AppData\Local\arduino15\packages\arduino\hardware\sam\1.6.9\variants\arduino_due_x/libsam_sam3x8e_gcc_rel.a(system_sam3xa.o)
                0x000835c4                SystemInit
 .text.adc_init
                0x0008364c       0x98 C:\Users\lorenzo\AppData\Local\arduino15\packages\arduino\hardware\sam\1.6.9\variants\arduino_due_x/libsam_sam3x8e_gcc_rel.a(adc.o)
                0x0008364c                adc_init
 .text.adc_configure_trigger
                0x000836e4        0xe C:\Users\lorenzo\AppData\Local\arduino15\packages\arduino\hardware\sam\1.6.9\variants\arduino_due_x/libsam_sam3x8e_gcc_rel.a(adc.o)
                0x000836e4                adc_configure_trigger
 .text.adc_configure_timing
                0x000836f2       0x1a C:\Users\lorenzo\AppData\Local\arduino15\packages\arduino\hardware\sam\1.6.9\variants\arduino_due_x/libsam_sam3x8e_gcc_rel.a(adc.o)
                0x000836f2                adc_configure_timing
 .text.adc_start
                0x0008370c        0x6 C:\Users\lorenzo\AppData\Local\arduino15\packages\arduino\hardware\sam\1.6.9\variants\arduino_due_x/libsam_sam3x8e_gcc_rel.a(adc.o)
                0x0008370c                adc_start
 .text.adc_enable_channel
                0x00083712        0xa C:\Users\lorenzo\AppData\Local\arduino15\packages\arduino\hardware\sam\1.6.9\variants\arduino_due_x/libsam_sam3x8e_gcc_rel.a(adc.o)
                0x00083712                adc_enable_channel
 .text.adc_disable_channel
                0x0008371c        0xa C:\Users\lorenzo\AppData\Local\arduino15\packages\arduino\hardware\sam\1.6.9\variants\arduino_due_x/libsam_sam3x8e_gcc_rel.a(adc.o)
                0x0008371c                adc_disable_channel
 .text.adc_disable_all_channel
                0x00083726        0x8 C:\Users\lorenzo\AppData\Local\arduino15\packages\arduino\hardware\sam\1.6.9\variants\arduino_due_x/libsam_sam3x8e_gcc_rel.a(adc.o)
                0x00083726                adc_disable_all_channel
 .text.adc_get_channel_status
                0x0008372e        0xa C:\Users\lorenzo\AppData\Local\arduino15\packages\arduino\hardware\sam\1.6.9\variants\arduino_due_x/libsam_sam3x8e_gcc_rel.a(adc.o)
                0x0008372e                adc_get_channel_status
 .text.adc_get_latest_value
                0x00083738        0x4 C:\Users\lorenzo\AppData\Local\arduino15\packages\arduino\hardware\sam\1.6.9\variants\arduino_due_x/libsam_sam3x8e_gcc_rel.a(adc.o)
                0x00083738                adc_get_latest_value
 .text.adc_disable_interrupt
                0x0008373c        0x4 C:\Users\lorenzo\AppData\Local\arduino15\packages\arduino\hardware\sam\1.6.9\variants\arduino_due_x/libsam_sam3x8e_gcc_rel.a(adc.o)
                0x0008373c                adc_disable_interrupt
 .text.adc_get_status
                0x00083740        0x4 C:\Users\lorenzo\AppData\Local\arduino15\packages\arduino\hardware\sam\1.6.9\variants\arduino_due_x/libsam_sam3x8e_gcc_rel.a(adc.o)
                0x00083740                adc_get_status
 .text.UDD_SetStack
                0x00083744        0xc C:\Users\lorenzo\AppData\Local\arduino15\packages\arduino\hardware\sam\1.6.9\variants\arduino_due_x/libsam_sam3x8e_gcc_rel.a(uotghs_device.o)
                0x00083744                UDD_SetStack
 .text.UDD_Init
                0x00083750       0xd0 C:\Users\lorenzo\AppData\Local\arduino15\packages\arduino\hardware\sam\1.6.9\variants\arduino_due_x/libsam_sam3x8e_gcc_rel.a(uotghs_device.o)
                0x00083750                UDD_Init
 .text.UDD_Attach
                0x00083820       0x50 C:\Users\lorenzo\AppData\Local\arduino15\packages\arduino\hardware\sam\1.6.9\variants\arduino_due_x/libsam_sam3x8e_gcc_rel.a(uotghs_device.o)
                0x00083820                UDD_Attach
 .text.UDD_InitEP
                0x00083870       0x2c C:\Users\lorenzo\AppData\Local\arduino15\packages\arduino\hardware\sam\1.6.9\variants\arduino_due_x/libsam_sam3x8e_gcc_rel.a(uotghs_device.o)
                0x00083870                UDD_InitEP
 .text.UDD_InitEndpoints
                0x0008389c       0x3c C:\Users\lorenzo\AppData\Local\arduino15\packages\arduino\hardware\sam\1.6.9\variants\arduino_due_x/libsam_sam3x8e_gcc_rel.a(uotghs_device.o)
                0x0008389c                UDD_InitEndpoints
 .text.UDD_WaitIN
                0x000838d8       0x10 C:\Users\lorenzo\AppData\Local\arduino15\packages\arduino\hardware\sam\1.6.9\variants\arduino_due_x/libsam_sam3x8e_gcc_rel.a(uotghs_device.o)
                0x000838d8                UDD_WaitIN
 .text.UDD_WaitOUT
                0x000838e8       0x10 C:\Users\lorenzo\AppData\Local\arduino15\packages\arduino\hardware\sam\1.6.9\variants\arduino_due_x/libsam_sam3x8e_gcc_rel.a(uotghs_device.o)
                0x000838e8                UDD_WaitOUT
 .text.UDD_ClearIN
                0x000838f8       0x18 C:\Users\lorenzo\AppData\Local\arduino15\packages\arduino\hardware\sam\1.6.9\variants\arduino_due_x/libsam_sam3x8e_gcc_rel.a(uotghs_device.o)
                0x000838f8                UDD_ClearIN
 .text.UDD_ClearOUT
                0x00083910       0x18 C:\Users\lorenzo\AppData\Local\arduino15\packages\arduino\hardware\sam\1.6.9\variants\arduino_due_x/libsam_sam3x8e_gcc_rel.a(uotghs_device.o)
                0x00083910                UDD_ClearOUT
 .text.UDD_ReceivedSetupInt
                0x00083928       0x10 C:\Users\lorenzo\AppData\Local\arduino15\packages\arduino\hardware\sam\1.6.9\variants\arduino_due_x/libsam_sam3x8e_gcc_rel.a(uotghs_device.o)
                0x00083928                UDD_ReceivedSetupInt
 .text.UDD_ClearSetupInt
                0x00083938       0x10 C:\Users\lorenzo\AppData\Local\arduino15\packages\arduino\hardware\sam\1.6.9\variants\arduino_due_x/libsam_sam3x8e_gcc_rel.a(uotghs_device.o)
                0x00083938                UDD_ClearSetupInt
 .text.UDD_Send
                0x00083948       0x88 C:\Users\lorenzo\AppData\Local\arduino15\packages\arduino\hardware\sam\1.6.9\variants\arduino_due_x/libsam_sam3x8e_gcc_rel.a(uotghs_device.o)
                0x00083948                UDD_Send
 .text.UDD_Send8
                0x000839d0       0x24 C:\Users\lorenzo\AppData\Local\arduino15\packages\arduino\hardware\sam\1.6.9\variants\arduino_due_x/libsam_sam3x8e_gcc_rel.a(uotghs_device.o)
                0x000839d0                UDD_Send8
 .text.UDD_Recv8
                0x000839f4       0x28 C:\Users\lorenzo\AppData\Local\arduino15\packages\arduino\hardware\sam\1.6.9\variants\arduino_due_x/libsam_sam3x8e_gcc_rel.a(uotghs_device.o)
                0x000839f4                UDD_Recv8
 .text.UDD_Recv
                0x00083a1c       0x34 C:\Users\lorenzo\AppData\Local\arduino15\packages\arduino\hardware\sam\1.6.9\variants\arduino_due_x/libsam_sam3x8e_gcc_rel.a(uotghs_device.o)
                0x00083a1c                UDD_Recv
 .text.UDD_Stall
                0x00083a50       0x14 C:\Users\lorenzo\AppData\Local\arduino15\packages\arduino\hardware\sam\1.6.9\variants\arduino_due_x/libsam_sam3x8e_gcc_rel.a(uotghs_device.o)
                0x00083a50                UDD_Stall
 .text.UDD_FifoByteCount
                0x00083a64       0x14 C:\Users\lorenzo\AppData\Local\arduino15\packages\arduino\hardware\sam\1.6.9\variants\arduino_due_x/libsam_sam3x8e_gcc_rel.a(uotghs_device.o)
                0x00083a64                UDD_FifoByteCount
 .text.UDD_ReleaseRX
                0x00083a78       0x28 C:\Users\lorenzo\AppData\Local\arduino15\packages\arduino\hardware\sam\1.6.9\variants\arduino_due_x/libsam_sam3x8e_gcc_rel.a(uotghs_device.o)
                0x00083a78                UDD_ReleaseRX
 .text.UDD_ReleaseTX
                0x00083aa0       0x28 C:\Users\lorenzo\AppData\Local\arduino15\packages\arduino\hardware\sam\1.6.9\variants\arduino_due_x/libsam_sam3x8e_gcc_rel.a(uotghs_device.o)
                0x00083aa0                UDD_ReleaseTX
 .text.UDD_SetAddress
                0x00083ac8       0x20 C:\Users\lorenzo\AppData\Local\arduino15\packages\arduino\hardware\sam\1.6.9\variants\arduino_due_x/libsam_sam3x8e_gcc_rel.a(uotghs_device.o)
                0x00083ac8                UDD_SetAddress
 .text.__fpclassifyd
                0x00083ae8       0x50 c:/users/lorenzo/appdata/local/arduino15/packages/arduino/tools/arm-none-eabi-gcc/4.8.3-2014q1/bin/../lib/gcc/arm-none-eabi/4.8.3/../../../../arm-none-eabi/lib/armv7-m\libm.a(lib_a-s_fpclassify.o)
                0x00083ae8                __fpclassifyd
 .text          0x00083b38      0x370 c:/users/lorenzo/appdata/local/arduino15/packages/arduino/tools/arm-none-eabi-gcc/4.8.3-2014q1/bin/../lib/gcc/arm-none-eabi/4.8.3/armv7-m\libgcc.a(_arm_addsubdf3.o)
                0x00083b38                __aeabi_drsub
                0x00083b40                __aeabi_dsub
                0x00083b40                __subdf3
                0x00083b44                __aeabi_dadd
                0x00083b44                __adddf3
                0x00083dbc                __floatunsidf
                0x00083dbc                __aeabi_ui2d
                0x00083ddc                __floatsidf
                0x00083ddc                __aeabi_i2d
                0x00083e00                __aeabi_f2d
                0x00083e00                __extendsfdf2
                0x00083e3c                __floatundidf
                0x00083e3c                __aeabi_ul2d
                0x00083e4c                __floatdidf
                0x00083e4c                __aeabi_l2d
 .text          0x00083ea8      0x424 c:/users/lorenzo/appdata/local/arduino15/packages/arduino/tools/arm-none-eabi-gcc/4.8.3-2014q1/bin/../lib/gcc/arm-none-eabi/4.8.3/armv7-m\libgcc.a(_arm_muldivdf3.o)
                0x00083ea8                __aeabi_dmul
                0x00083ea8                __muldf3
                0x000840fc                __divdf3
                0x000840fc                __aeabi_ddiv
 .text          0x000842cc      0x110 c:/users/lorenzo/appdata/local/arduino15/packages/arduino/tools/arm-none-eabi-gcc/4.8.3-2014q1/bin/../lib/gcc/arm-none-eabi/4.8.3/armv7-m\libgcc.a(_arm_cmpdf2.o)
                0x000842cc                __gtdf2
                0x000842cc                __gedf2
                0x000842d4                __ltdf2
                0x000842d4                __ledf2
                0x000842dc                __nedf2
                0x000842dc                __eqdf2
                0x000842dc                __cmpdf2
                0x00084358                __aeabi_cdrcmple
                0x00084368                __aeabi_cdcmpeq
                0x00084368                __aeabi_cdcmple
                0x00084378                __aeabi_dcmpeq
                0x0008438c                __aeabi_dcmplt
                0x000843a0                __aeabi_dcmple
                0x000843b4                __aeabi_dcmpge
                0x000843c8                __aeabi_dcmpgt
 .text          0x000843dc       0x40 c:/users/lorenzo/appdata/local/arduino15/packages/arduino/tools/arm-none-eabi-gcc/4.8.3-2014q1/bin/../lib/gcc/arm-none-eabi/4.8.3/armv7-m\libgcc.a(_arm_fixunsdfsi.o)
                0x000843dc                __aeabi_d2uiz
                0x000843dc                __fixunsdfsi
 .text.__aeabi_atexit
                0x0008441c        0xc c:/users/lorenzo/appdata/local/arduino15/packages/arduino/tools/arm-none-eabi-gcc/4.8.3-2014q1/bin/../lib/gcc/arm-none-eabi/4.8.3/../../../../arm-none-eabi/lib/armv7-m\libg.a(lib_a-aeabi_atexit.o)
                0x0008441c                __aeabi_atexit
 .text.atol     0x00084428        0x8 c:/users/lorenzo/appdata/local/arduino15/packages/arduino/tools/arm-none-eabi-gcc/4.8.3-2014q1/bin/../lib/gcc/arm-none-eabi/4.8.3/../../../../arm-none-eabi/lib/armv7-m\libg.a(lib_a-atol.o)
                0x00084428                atol
 .text.__cxa_atexit
                0x00084430       0x14 c:/users/lorenzo/appdata/local/arduino15/packages/arduino/tools/arm-none-eabi-gcc/4.8.3-2014q1/bin/../lib/gcc/arm-none-eabi/4.8.3/../../../../arm-none-eabi/lib/armv7-m\libg.a(lib_a-cxa_atexit.o)
                0x00084430                __cxa_atexit
 .text.__libc_init_array
                0x00084444       0x50 c:/users/lorenzo/appdata/local/arduino15/packages/arduino/tools/arm-none-eabi-gcc/4.8.3-2014q1/bin/../lib/gcc/arm-none-eabi/4.8.3/../../../../arm-none-eabi/lib/armv7-m\libg.a(lib_a-init.o)
                0x00084444                __libc_init_array
 .text.iprintf  0x00084494       0x28 c:/users/lorenzo/appdata/local/arduino15/packages/arduino/tools/arm-none-eabi-gcc/4.8.3-2014q1/bin/../lib/gcc/arm-none-eabi/4.8.3/../../../../arm-none-eabi/lib/armv7-m\libg.a(lib_a-iprintf.o)
                0x00084494                iprintf
 .text.malloc   0x000844bc       0x10 c:/users/lorenzo/appdata/local/arduino15/packages/arduino/tools/arm-none-eabi-gcc/4.8.3-2014q1/bin/../lib/gcc/arm-none-eabi/4.8.3/../../../../arm-none-eabi/lib/armv7-m\libg.a(lib_a-malloc.o)
                0x000844bc                malloc
 .text.free     0x000844cc       0x10 c:/users/lorenzo/appdata/local/arduino15/packages/arduino/tools/arm-none-eabi-gcc/4.8.3-2014q1/bin/../lib/gcc/arm-none-eabi/4.8.3/../../../../arm-none-eabi/lib/armv7-m\libg.a(lib_a-malloc.o)
                0x000844cc                free
 .text._malloc_r
                0x000844dc      0x538 c:/users/lorenzo/appdata/local/arduino15/packages/arduino/tools/arm-none-eabi-gcc/4.8.3-2014q1/bin/../lib/gcc/arm-none-eabi/4.8.3/../../../../arm-none-eabi/lib/armv7-m\libg.a(lib_a-mallocr.o)
                0x000844dc                _malloc_r
 .text          0x00084a14       0xec c:/users/lorenzo/appdata/local/arduino15/packages/arduino/tools/arm-none-eabi-gcc/4.8.3-2014q1/bin/../lib/gcc/arm-none-eabi/4.8.3/../../../../arm-none-eabi/lib/armv7-m\libg.a(lib_a-memcpy.o)
                0x00084a14                memcpy
 .text.memmove  0x00084b00       0xcc c:/users/lorenzo/appdata/local/arduino15/packages/arduino/tools/arm-none-eabi-gcc/4.8.3-2014q1/bin/../lib/gcc/arm-none-eabi/4.8.3/../../../../arm-none-eabi/lib/armv7-m\libg.a(lib_a-memmove.o)
                0x00084b00                memmove
 .text.memset   0x00084bcc       0x94 c:/users/lorenzo/appdata/local/arduino15/packages/arduino/tools/arm-none-eabi-gcc/4.8.3-2014q1/bin/../lib/gcc/arm-none-eabi/4.8.3/../../../../arm-none-eabi/lib/armv7-m\libg.a(lib_a-memset.o)
                0x00084bcc                memset
 .text.__malloc_lock
                0x00084c60        0x4 c:/users/lorenzo/appdata/local/arduino15/packages/arduino/tools/arm-none-eabi-gcc/4.8.3-2014q1/bin/../lib/gcc/arm-none-eabi/4.8.3/../../../../arm-none-eabi/lib/armv7-m\libg.a(lib_a-mlock.o)
                0x00084c60                __malloc_lock
 .text.__malloc_unlock
                0x00084c64        0x4 c:/users/lorenzo/appdata/local/arduino15/packages/arduino/tools/arm-none-eabi-gcc/4.8.3-2014q1/bin/../lib/gcc/arm-none-eabi/4.8.3/../../../../arm-none-eabi/lib/armv7-m\libg.a(lib_a-mlock.o)
                0x00084c64                __malloc_unlock
 .text.realloc  0x00084c68       0x10 c:/users/lorenzo/appdata/local/arduino15/packages/arduino/tools/arm-none-eabi-gcc/4.8.3-2014q1/bin/../lib/gcc/arm-none-eabi/4.8.3/../../../../arm-none-eabi/lib/armv7-m\libg.a(lib_a-realloc.o)
                0x00084c68                realloc
 .text._realloc_r
                0x00084c78      0x3c0 c:/users/lorenzo/appdata/local/arduino15/packages/arduino/tools/arm-none-eabi-gcc/4.8.3-2014q1/bin/../lib/gcc/arm-none-eabi/4.8.3/../../../../arm-none-eabi/lib/armv7-m\libg.a(lib_a-reallocr.o)
                0x00084c78                _realloc_r
 .text._sbrk_r  0x00085038       0x24 c:/users/lorenzo/appdata/local/arduino15/packages/arduino/tools/arm-none-eabi-gcc/4.8.3-2014q1/bin/../lib/gcc/arm-none-eabi/4.8.3/../../../../arm-none-eabi/lib/armv7-m\libg.a(lib_a-sbrkr.o)
                0x00085038                _sbrk_r
 .text          0x0008505c      0x23c c:/users/lorenzo/appdata/local/arduino15/packages/arduino/tools/arm-none-eabi-gcc/4.8.3-2014q1/bin/../lib/gcc/arm-none-eabi/4.8.3/../../../../arm-none-eabi/lib/armv7-m\libg.a(lib_a-strcmp.o)
                0x0008505c                strcmp
 .text.strcpy   0x00085298       0xbc c:/users/lorenzo/appdata/local/arduino15/packages/arduino/tools/arm-none-eabi-gcc/4.8.3-2014q1/bin/../lib/gcc/arm-none-eabi/4.8.3/../../../../arm-none-eabi/lib/armv7-m\libg.a(lib_a-strcpy.o)
                0x00085298                strcpy
 .text.strlen   0x00085354       0x60 c:/users/lorenzo/appdata/local/arduino15/packages/arduino/tools/arm-none-eabi-gcc/4.8.3-2014q1/bin/../lib/gcc/arm-none-eabi/4.8.3/../../../../arm-none-eabi/lib/armv7-m\libg.a(lib_a-strlen.o)
                0x00085354                strlen
 .text._strtol_r
                0x000853b4      0x114 c:/users/lorenzo/appdata/local/arduino15/packages/arduino/tools/arm-none-eabi-gcc/4.8.3-2014q1/bin/../lib/gcc/arm-none-eabi/4.8.3/../../../../arm-none-eabi/lib/armv7-m\libg.a(lib_a-strtol.o)
                0x000853b4                _strtol_r
 .text.strtol   0x000854c8       0x18 c:/users/lorenzo/appdata/local/arduino15/packages/arduino/tools/arm-none-eabi-gcc/4.8.3-2014q1/bin/../lib/gcc/arm-none-eabi/4.8.3/../../../../arm-none-eabi/lib/armv7-m\libg.a(lib_a-strtol.o)
                0x000854c8                strtol
 .text.kill     0x000854e0       0x10 c:/users/lorenzo/appdata/local/arduino15/packages/arduino/tools/arm-none-eabi-gcc/4.8.3-2014q1/bin/../lib/gcc/arm-none-eabi/4.8.3/../../../../arm-none-eabi/lib/armv7-m\libg.a(lib_a-syskill.o)
                0x000854e0                kill
 .text.__sprint_r.part.0
                0x000854f0       0x78 c:/users/lorenzo/appdata/local/arduino15/packages/arduino/tools/arm-none-eabi-gcc/4.8.3-2014q1/bin/../lib/gcc/arm-none-eabi/4.8.3/../../../../arm-none-eabi/lib/armv7-m\libg.a(lib_a-vfiprintf.o)
 .text._vfiprintf_r
                0x00085568      0xc54 c:/users/lorenzo/appdata/local/arduino15/packages/arduino/tools/arm-none-eabi-gcc/4.8.3-2014q1/bin/../lib/gcc/arm-none-eabi/4.8.3/../../../../arm-none-eabi/lib/armv7-m\libg.a(lib_a-vfiprintf.o)
                0x00085568                _vfiprintf_r
 .text.__sbprintf
                0x000861bc       0x7c c:/users/lorenzo/appdata/local/arduino15/packages/arduino/tools/arm-none-eabi-gcc/4.8.3-2014q1/bin/../lib/gcc/arm-none-eabi/4.8.3/../../../../arm-none-eabi/lib/armv7-m\libg.a(lib_a-vfiprintf.o)
 .text.__swsetup_r
                0x00086238       0xc4 c:/users/lorenzo/appdata/local/arduino15/packages/arduino/tools/arm-none-eabi-gcc/4.8.3-2014q1/bin/../lib/gcc/arm-none-eabi/4.8.3/../../../../arm-none-eabi/lib/armv7-m\libg.a(lib_a-wsetup.o)
                0x00086238                __swsetup_r
 .text.__register_exitproc
                0x000862fc       0xa8 c:/users/lorenzo/appdata/local/arduino15/packages/arduino/tools/arm-none-eabi-gcc/4.8.3-2014q1/bin/../lib/gcc/arm-none-eabi/4.8.3/../../../../arm-none-eabi/lib/armv7-m\libg.a(lib_a-__atexit.o)
                0x000862fc                __register_exitproc
 .text.startup.register_fini
                0x000863a4       0x14 c:/users/lorenzo/appdata/local/arduino15/packages/arduino/tools/arm-none-eabi-gcc/4.8.3-2014q1/bin/../lib/gcc/arm-none-eabi/4.8.3/../../../../arm-none-eabi/lib/armv7-m\libg.a(lib_a-__call_atexit.o)
 .text.atexit   0x000863b8        0xc c:/users/lorenzo/appdata/local/arduino15/packages/arduino/tools/arm-none-eabi-gcc/4.8.3-2014q1/bin/../lib/gcc/arm-none-eabi/4.8.3/../../../../arm-none-eabi/lib/armv7-m\libg.a(lib_a-atexit.o)
                0x000863b8                atexit
 .text.__sflush_r
                0x000863c4      0x148 c:/users/lorenzo/appdata/local/arduino15/packages/arduino/tools/arm-none-eabi-gcc/4.8.3-2014q1/bin/../lib/gcc/arm-none-eabi/4.8.3/../../../../arm-none-eabi/lib/armv7-m\libg.a(lib_a-fflush.o)
                0x000863c4                __sflush_r
 .text._fflush_r
                0x0008650c       0x2c c:/users/lorenzo/appdata/local/arduino15/packages/arduino/tools/arm-none-eabi-gcc/4.8.3-2014q1/bin/../lib/gcc/arm-none-eabi/4.8.3/../../../../arm-none-eabi/lib/armv7-m\libg.a(lib_a-fflush.o)
                0x0008650c                _fflush_r
 .text._cleanup_r
                0x00086538        0xc c:/users/lorenzo/appdata/local/arduino15/packages/arduino/tools/arm-none-eabi-gcc/4.8.3-2014q1/bin/../lib/gcc/arm-none-eabi/4.8.3/../../../../arm-none-eabi/lib/armv7-m\libg.a(lib_a-findfp.o)
                0x00086538                _cleanup_r
 .text.__sinit  0x00086544       0xf4 c:/users/lorenzo/appdata/local/arduino15/packages/arduino/tools/arm-none-eabi-gcc/4.8.3-2014q1/bin/../lib/gcc/arm-none-eabi/4.8.3/../../../../arm-none-eabi/lib/armv7-m\libg.a(lib_a-findfp.o)
                0x00086544                __sinit
 .text.__sfp_lock_acquire
                0x00086638        0x4 c:/users/lorenzo/appdata/local/arduino15/packages/arduino/tools/arm-none-eabi-gcc/4.8.3-2014q1/bin/../lib/gcc/arm-none-eabi/4.8.3/../../../../arm-none-eabi/lib/armv7-m\libg.a(lib_a-findfp.o)
                0x00086638                __sfp_lock_acquire
 .text.__sfp_lock_release
                0x0008663c        0x4 c:/users/lorenzo/appdata/local/arduino15/packages/arduino/tools/arm-none-eabi-gcc/4.8.3-2014q1/bin/../lib/gcc/arm-none-eabi/4.8.3/../../../../arm-none-eabi/lib/armv7-m\libg.a(lib_a-findfp.o)
                0x0008663c                __sfp_lock_release
 .text.__libc_fini_array
                0x00086640       0x30 c:/users/lorenzo/appdata/local/arduino15/packages/arduino/tools/arm-none-eabi-gcc/4.8.3-2014q1/bin/../lib/gcc/arm-none-eabi/4.8.3/../../../../arm-none-eabi/lib/armv7-m\libg.a(lib_a-fini.o)
                0x00086640                __libc_fini_array
 .text._fputwc_r
                0x00086670       0xc0 c:/users/lorenzo/appdata/local/arduino15/packages/arduino/tools/arm-none-eabi-gcc/4.8.3-2014q1/bin/../lib/gcc/arm-none-eabi/4.8.3/../../../../arm-none-eabi/lib/armv7-m\libg.a(lib_a-fputwc.o)
                0x00086670                _fputwc_r
 .text._malloc_trim_r
                0x00086730       0x9c c:/users/lorenzo/appdata/local/arduino15/packages/arduino/tools/arm-none-eabi-gcc/4.8.3-2014q1/bin/../lib/gcc/arm-none-eabi/4.8.3/../../../../arm-none-eabi/lib/armv7-m\libg.a(lib_a-freer.o)
                0x00086730                _malloc_trim_r
 .text._free_r  0x000867cc      0x198 c:/users/lorenzo/appdata/local/arduino15/packages/arduino/tools/arm-none-eabi-gcc/4.8.3-2014q1/bin/../lib/gcc/arm-none-eabi/4.8.3/../../../../arm-none-eabi/lib/armv7-m\libg.a(lib_a-freer.o)
                0x000867cc                _free_r
 .text.__sfvwrite_r
                0x00086964      0x314 c:/users/lorenzo/appdata/local/arduino15/packages/arduino/tools/arm-none-eabi-gcc/4.8.3-2014q1/bin/../lib/gcc/arm-none-eabi/4.8.3/../../../../arm-none-eabi/lib/armv7-m\libg.a(lib_a-fvwrite.o)
                0x00086964                __sfvwrite_r
 .text._fwalk   0x00086c78       0x48 c:/users/lorenzo/appdata/local/arduino15/packages/arduino/tools/arm-none-eabi-gcc/4.8.3-2014q1/bin/../lib/gcc/arm-none-eabi/4.8.3/../../../../arm-none-eabi/lib/armv7-m\libg.a(lib_a-fwalk.o)
                0x00086c78                _fwalk
 .text.__locale_charset
                0x00086cc0        0x8 c:/users/lorenzo/appdata/local/arduino15/packages/arduino/tools/arm-none-eabi-gcc/4.8.3-2014q1/bin/../lib/gcc/arm-none-eabi/4.8.3/../../../../arm-none-eabi/lib/armv7-m\libg.a(lib_a-locale.o)
                0x00086cc0                __locale_charset
 .text.__locale_mb_cur_max
                0x00086cc8        0xc c:/users/lorenzo/appdata/local/arduino15/packages/arduino/tools/arm-none-eabi-gcc/4.8.3-2014q1/bin/../lib/gcc/arm-none-eabi/4.8.3/../../../../arm-none-eabi/lib/armv7-m\libg.a(lib_a-locale.o)
                0x00086cc8                __locale_mb_cur_max
 .text.__smakebuf_r
                0x00086cd4       0xe0 c:/users/lorenzo/appdata/local/arduino15/packages/arduino/tools/arm-none-eabi-gcc/4.8.3-2014q1/bin/../lib/gcc/arm-none-eabi/4.8.3/../../../../arm-none-eabi/lib/armv7-m\libg.a(lib_a-makebuf.o)
                0x00086cd4                __smakebuf_r
 .text.memchr   0x00086db4       0x94 c:/users/lorenzo/appdata/local/arduino15/packages/arduino/tools/arm-none-eabi-gcc/4.8.3-2014q1/bin/../lib/gcc/arm-none-eabi/4.8.3/../../../../arm-none-eabi/lib/armv7-m\libg.a(lib_a-memchr-stub.o)
                0x00086db4                memchr
 .text._kill_r  0x00086e48       0x28 c:/users/lorenzo/appdata/local/arduino15/packages/arduino/tools/arm-none-eabi-gcc/4.8.3-2014q1/bin/../lib/gcc/arm-none-eabi/4.8.3/../../../../arm-none-eabi/lib/armv7-m\libg.a(lib_a-signalr.o)
                0x00086e48                _kill_r
 .text.__sread  0x00086e70       0x24 c:/users/lorenzo/appdata/local/arduino15/packages/arduino/tools/arm-none-eabi-gcc/4.8.3-2014q1/bin/../lib/gcc/arm-none-eabi/4.8.3/../../../../arm-none-eabi/lib/armv7-m\libg.a(lib_a-stdio.o)
                0x00086e70                __sread
 .text.__swrite
                0x00086e94       0x38 c:/users/lorenzo/appdata/local/arduino15/packages/arduino/tools/arm-none-eabi-gcc/4.8.3-2014q1/bin/../lib/gcc/arm-none-eabi/4.8.3/../../../../arm-none-eabi/lib/armv7-m\libg.a(lib_a-stdio.o)
                0x00086e94                __swrite
 .text.__sseek  0x00086ecc       0x20 c:/users/lorenzo/appdata/local/arduino15/packages/arduino/tools/arm-none-eabi-gcc/4.8.3-2014q1/bin/../lib/gcc/arm-none-eabi/4.8.3/../../../../arm-none-eabi/lib/armv7-m\libg.a(lib_a-stdio.o)
                0x00086ecc                __sseek
 .text.__sclose
                0x00086eec        0x8 c:/users/lorenzo/appdata/local/arduino15/packages/arduino/tools/arm-none-eabi-gcc/4.8.3-2014q1/bin/../lib/gcc/arm-none-eabi/4.8.3/../../../../arm-none-eabi/lib/armv7-m\libg.a(lib_a-stdio.o)
                0x00086eec                __sclose
 .text.__swbuf_r
                0x00086ef4       0xa8 c:/users/lorenzo/appdata/local/arduino15/packages/arduino/tools/arm-none-eabi-gcc/4.8.3-2014q1/bin/../lib/gcc/arm-none-eabi/4.8.3/../../../../arm-none-eabi/lib/armv7-m\libg.a(lib_a-wbuf.o)
                0x00086ef4                __swbuf_r
 .text._wcrtomb_r
                0x00086f9c       0x50 c:/users/lorenzo/appdata/local/arduino15/packages/arduino/tools/arm-none-eabi-gcc/4.8.3-2014q1/bin/../lib/gcc/arm-none-eabi/4.8.3/../../../../arm-none-eabi/lib/armv7-m\libg.a(lib_a-wcrtomb.o)
                0x00086f9c                _wcrtomb_r
 .text.__ascii_wctomb
                0x00086fec       0x1c c:/users/lorenzo/appdata/local/arduino15/packages/arduino/tools/arm-none-eabi-gcc/4.8.3-2014q1/bin/../lib/gcc/arm-none-eabi/4.8.3/../../../../arm-none-eabi/lib/armv7-m\libg.a(lib_a-wctomb_r.o)
                0x00086fec                __ascii_wctomb
 .text._write_r
                0x00087008       0x28 c:/users/lorenzo/appdata/local/arduino15/packages/arduino/tools/arm-none-eabi-gcc/4.8.3-2014q1/bin/../lib/gcc/arm-none-eabi/4.8.3/../../../../arm-none-eabi/lib/armv7-m\libg.a(lib_a-writer.o)
                0x00087008                _write_r
 .text._close_r
                0x00087030       0x24 c:/users/lorenzo/appdata/local/arduino15/packages/arduino/tools/arm-none-eabi-gcc/4.8.3-2014q1/bin/../lib/gcc/arm-none-eabi/4.8.3/../../../../arm-none-eabi/lib/armv7-m\libg.a(lib_a-closer.o)
                0x00087030                _close_r
 .text._fclose_r
                0x00087054       0x80 c:/users/lorenzo/appdata/local/arduino15/packages/arduino/tools/arm-none-eabi-gcc/4.8.3-2014q1/bin/../lib/gcc/arm-none-eabi/4.8.3/../../../../arm-none-eabi/lib/armv7-m\libg.a(lib_a-fclose.o)
                0x00087054                _fclose_r
 .text.fclose   0x000870d4       0x10 c:/users/lorenzo/appdata/local/arduino15/packages/arduino/tools/arm-none-eabi-gcc/4.8.3-2014q1/bin/../lib/gcc/arm-none-eabi/4.8.3/../../../../arm-none-eabi/lib/armv7-m\libg.a(lib_a-fclose.o)
                0x000870d4                fclose
 .text._fstat_r
                0x000870e4       0x28 c:/users/lorenzo/appdata/local/arduino15/packages/arduino/tools/arm-none-eabi-gcc/4.8.3-2014q1/bin/../lib/gcc/arm-none-eabi/4.8.3/../../../../arm-none-eabi/lib/armv7-m\libg.a(lib_a-fstatr.o)
                0x000870e4                _fstat_r
 .text._isatty_r
                0x0008710c       0x24 c:/users/lorenzo/appdata/local/arduino15/packages/arduino/tools/arm-none-eabi-gcc/4.8.3-2014q1/bin/../lib/gcc/arm-none-eabi/4.8.3/../../../../arm-none-eabi/lib/armv7-m\libg.a(lib_a-isattyr.o)
                0x0008710c                _isatty_r
 .text._lseek_r
                0x00087130       0x28 c:/users/lorenzo/appdata/local/arduino15/packages/arduino/tools/arm-none-eabi-gcc/4.8.3-2014q1/bin/../lib/gcc/arm-none-eabi/4.8.3/../../../../arm-none-eabi/lib/armv7-m\libg.a(lib_a-lseekr.o)
                0x00087130                _lseek_r
 .text._read_r  0x00087158       0x28 c:/users/lorenzo/appdata/local/arduino15/packages/arduino/tools/arm-none-eabi-gcc/4.8.3-2014q1/bin/../lib/gcc/arm-none-eabi/4.8.3/../../../../arm-none-eabi/lib/armv7-m\libg.a(lib_a-readr.o)
                0x00087158                _read_r
 .text          0x00087180       0x2c c:/users/lorenzo/appdata/local/arduino15/packages/arduino/tools/arm-none-eabi-gcc/4.8.3-2014q1/bin/../lib/gcc/arm-none-eabi/4.8.3/armv7-m\libgcc.a(_aeabi_uldivmod.o)
                0x00087180                __aeabi_uldivmod
 .text          0x000871ac       0x60 c:/users/lorenzo/appdata/local/arduino15/packages/arduino/tools/arm-none-eabi-gcc/4.8.3-2014q1/bin/../lib/gcc/arm-none-eabi/4.8.3/armv7-m\libgcc.a(bpabi.o)
                0x000871ac                __gnu_ldivmod_helper
                0x000871dc                __gnu_uldivmod_helper
 .text          0x0008720c        0x4 c:/users/lorenzo/appdata/local/arduino15/packages/arduino/tools/arm-none-eabi-gcc/4.8.3-2014q1/bin/../lib/gcc/arm-none-eabi/4.8.3/armv7-m\libgcc.a(_dvmd_tls.o)
                0x0008720c                __aeabi_idiv0
                0x0008720c                __aeabi_ldiv0
 .text          0x00087210      0x2a0 c:/users/lorenzo/appdata/local/arduino15/packages/arduino/tools/arm-none-eabi-gcc/4.8.3-2014q1/bin/../lib/gcc/arm-none-eabi/4.8.3/armv7-m\libgcc.a(_divdi3.o)
                0x00087210                __divdi3
 .text          0x000874b0      0x290 c:/users/lorenzo/appdata/local/arduino15/packages/arduino/tools/arm-none-eabi-gcc/4.8.3-2014q1/bin/../lib/gcc/arm-none-eabi/4.8.3/armv7-m\libgcc.a(_udivdi3.o)
                0x000874b0                __udivdi3
 *(.glue_7t)
 .glue_7t       0x00000000        0x0 linker stubs
 *(.glue_7)
 .glue_7        0x00000000        0x0 linker stubs
 *(.rodata .rodata* .gnu.linkonce.r.*)
 .rodata.str1.1
                0x00087740       0xa1 C:\Users\lorenzo\AppData\Local\Temp\VMicroBuilds\SensoreTemperatura\arduino_due_x_dbg\SensoreTemperatura.cpp.o
                                 0xa2 (size before relaxing)
 .rodata.str1.1
                0x000877e1        0x5 C:\Users\lorenzo\AppData\Local\Temp\VMicroBuilds\SensoreTemperatura\arduino_due_x_dbg\FreeRTOS_ARM\utility\tasks.c.o
 .rodata.str1.1
                0x000877e6        0x8 C:\Users\lorenzo\AppData\Local\Temp\VMicroBuilds\SensoreTemperatura\arduino_due_x_dbg\FreeRTOS_ARM\utility\timers.c.o
 .rodata.str1.1
                0x000877ee       0x19 C:\Users\lorenzo\AppData\Local\Temp\VMicroBuilds\SensoreTemperatura\arduino_due_x_dbg/core.a(syscalls_sam3.c.o)
 .rodata.str1.1
                0x00087807       0x11 C:\Users\lorenzo\AppData\Local\Temp\VMicroBuilds\SensoreTemperatura\arduino_due_x_dbg/core.a(Print.cpp.o)
 .rodata._ZTV9UARTClass
                0x00087818       0x30 C:\Users\lorenzo\AppData\Local\Temp\VMicroBuilds\SensoreTemperatura\arduino_due_x_dbg/core.a(UARTClass.cpp.o)
                0x00087818                vtable for UARTClass
 .rodata.STRING_PRODUCT
                0x00087848        0xc C:\Users\lorenzo\AppData\Local\Temp\VMicroBuilds\SensoreTemperatura\arduino_due_x_dbg/core.a(USBCore.cpp.o)
                0x00087848                STRING_PRODUCT
 .rodata.USB_DeviceDescriptor
                0x00087854       0x12 C:\Users\lorenzo\AppData\Local\Temp\VMicroBuilds\SensoreTemperatura\arduino_due_x_dbg/core.a(USBCore.cpp.o)
                0x00087854                USB_DeviceDescriptor
 .rodata.STRING_LANGUAGE
                0x00087866        0x4 C:\Users\lorenzo\AppData\Local\Temp\VMicroBuilds\SensoreTemperatura\arduino_due_x_dbg/core.a(USBCore.cpp.o)
                0x00087866                STRING_LANGUAGE
 .rodata._ZL18test_packet_buffer
                0x0008786a       0x35 C:\Users\lorenzo\AppData\Local\Temp\VMicroBuilds\SensoreTemperatura\arduino_due_x_dbg/core.a(USBCore.cpp.o)
 .rodata.STRING_MANUFACTURER
                0x0008789f        0xc C:\Users\lorenzo\AppData\Local\Temp\VMicroBuilds\SensoreTemperatura\arduino_due_x_dbg/core.a(USBCore.cpp.o)
                0x0008789f                STRING_MANUFACTURER
 .rodata.USB_DeviceDescriptorA
                0x000878ab       0x12 C:\Users\lorenzo\AppData\Local\Temp\VMicroBuilds\SensoreTemperatura\arduino_due_x_dbg/core.a(USBCore.cpp.o)
                0x000878ab                USB_DeviceDescriptorA
 .rodata._ZL19USB_DeviceQualifier
                0x000878bd        0x9 C:\Users\lorenzo\AppData\Local\Temp\VMicroBuilds\SensoreTemperatura\arduino_due_x_dbg/core.a(USBCore.cpp.o)
 *fill*         0x000878c6        0x2 
 .rodata.g_APinDescription
                0x000878c8      0xa2c C:\Users\lorenzo\AppData\Local\Temp\VMicroBuilds\SensoreTemperatura\arduino_due_x_dbg/core.a(variant.cpp.o)
                0x000878c8                g_APinDescription
 *fill*         0x000882f4        0x4 
 .rodata._ZTV10USARTClass
                0x000882f8       0x30 C:\Users\lorenzo\AppData\Local\Temp\VMicroBuilds\SensoreTemperatura\arduino_due_x_dbg/core.a(USARTClass.cpp.o)
                0x000882f8                vtable for USARTClass
 .rodata._ZTV7Serial_
                0x00088328       0x28 C:\Users\lorenzo\AppData\Local\Temp\VMicroBuilds\SensoreTemperatura\arduino_due_x_dbg/core.a(CDC.cpp.o)
                0x00088328                vtable for Serial_
 .rodata._ZL18_cdcOtherInterface
                0x00088350       0x42 C:\Users\lorenzo\AppData\Local\Temp\VMicroBuilds\SensoreTemperatura\arduino_due_x_dbg/core.a(CDC.cpp.o)
 .rodata._ZL13_cdcInterface
                0x00088392       0x42 C:\Users\lorenzo\AppData\Local\Temp\VMicroBuilds\SensoreTemperatura\arduino_due_x_dbg/core.a(CDC.cpp.o)
 .rodata        0x000883d4       0x40 C:\Users\lorenzo\AppData\Local\arduino15\packages\arduino\hardware\sam\1.6.9\variants\arduino_due_x/libsam_sam3x8e_gcc_rel.a(adc.o)
 .rodata.str1.4
                0x00088414        0x2 c:/users/lorenzo/appdata/local/arduino15/packages/arduino/tools/arm-none-eabi-gcc/4.8.3-2014q1/bin/../lib/gcc/arm-none-eabi/4.8.3/../../../../arm-none-eabi/lib/armv7-m\libg.a(lib_a-impure.o)
                                  0x4 (size before relaxing)
 *fill*         0x00088416        0x2 
 .rodata._global_impure_ptr
                0x00088418        0x4 c:/users/lorenzo/appdata/local/arduino15/packages/arduino/tools/arm-none-eabi-gcc/4.8.3-2014q1/bin/../lib/gcc/arm-none-eabi/4.8.3/../../../../arm-none-eabi/lib/armv7-m\libg.a(lib_a-impure.o)
                0x00088418                _global_impure_ptr
 .rodata.blanks.6717
                0x0008841c       0x10 c:/users/lorenzo/appdata/local/arduino15/packages/arduino/tools/arm-none-eabi-gcc/4.8.3-2014q1/bin/../lib/gcc/arm-none-eabi/4.8.3/../../../../arm-none-eabi/lib/armv7-m\libg.a(lib_a-vfiprintf.o)
 .rodata.str1.4
                0x0008842c       0x30 c:/users/lorenzo/appdata/local/arduino15/packages/arduino/tools/arm-none-eabi-gcc/4.8.3-2014q1/bin/../lib/gcc/arm-none-eabi/4.8.3/../../../../arm-none-eabi/lib/armv7-m\libg.a(lib_a-vfiprintf.o)
 .rodata.zeroes.6718
                0x0008845c       0x10 c:/users/lorenzo/appdata/local/arduino15/packages/arduino/tools/arm-none-eabi-gcc/4.8.3-2014q1/bin/../lib/gcc/arm-none-eabi/4.8.3/../../../../arm-none-eabi/lib/armv7-m\libg.a(lib_a-vfiprintf.o)
 .rodata._ctype_
                0x0008846c      0x104 c:/users/lorenzo/appdata/local/arduino15/packages/arduino/tools/arm-none-eabi-gcc/4.8.3-2014q1/bin/../lib/gcc/arm-none-eabi/4.8.3/../../../../arm-none-eabi/lib/armv7-m\libg.a(lib_a-ctype_.o)
                0x0008846c                _ctype_
 *(.ARM.extab* .gnu.linkonce.armextab.*)
                0x00088570                . = ALIGN (0x4)
 *(.init)
 .init          0x00088570        0x4 c:/users/lorenzo/appdata/local/arduino15/packages/arduino/tools/arm-none-eabi-gcc/4.8.3-2014q1/bin/../lib/gcc/arm-none-eabi/4.8.3/armv7-m/crti.o
                0x00088570                _init
 .init          0x00088574        0x8 c:/users/lorenzo/appdata/local/arduino15/packages/arduino/tools/arm-none-eabi-gcc/4.8.3-2014q1/bin/../lib/gcc/arm-none-eabi/4.8.3/armv7-m/crtn.o
                0x0008857c                . = ALIGN (0x4)
                0x0008857c                __preinit_array_start = .
 *(.preinit_array)
                0x0008857c                __preinit_array_end = .
                0x0008857c                . = ALIGN (0x4)
                0x0008857c                __init_array_start = .
 *(SORT(.init_array.*))
 .init_array.00000
                0x0008857c        0x4 c:/users/lorenzo/appdata/local/arduino15/packages/arduino/tools/arm-none-eabi-gcc/4.8.3-2014q1/bin/../lib/gcc/arm-none-eabi/4.8.3/../../../../arm-none-eabi/lib/armv7-m\libg.a(lib_a-__call_atexit.o)
 *(.init_array)
 .init_array    0x00088580        0x4 c:/users/lorenzo/appdata/local/arduino15/packages/arduino/tools/arm-none-eabi-gcc/4.8.3-2014q1/bin/../lib/gcc/arm-none-eabi/4.8.3/armv7-m/crtbegin.o
 .init_array    0x00088584        0x4 C:\Users\lorenzo\AppData\Local\Temp\VMicroBuilds\SensoreTemperatura\arduino_due_x_dbg\SensoreTemperatura.cpp.o
 .init_array    0x00088588        0x4 C:\Users\lorenzo\AppData\Local\Temp\VMicroBuilds\SensoreTemperatura\arduino_due_x_dbg/core.a(USBCore.cpp.o)
 .init_array    0x0008858c        0x4 C:\Users\lorenzo\AppData\Local\Temp\VMicroBuilds\SensoreTemperatura\arduino_due_x_dbg/core.a(variant.cpp.o)
 .init_array    0x00088590        0x4 C:\Users\lorenzo\AppData\Local\Temp\VMicroBuilds\SensoreTemperatura\arduino_due_x_dbg/core.a(CDC.cpp.o)
                0x00088594                __init_array_end = .